Archive member included to satisfy reference by file (symbol)

/usr/lib/x86_64-linux-gnu/libc_nonshared.a(elf-init.oS)
                              /usr/lib/gcc/x86_64-linux-gnu/9/../../../x86_64-linux-gnu/Scrt1.o (__libc_csu_init)

Merging program properties


As-needed library included to satisfy reference by file (symbol)

libc.so.6                     build_test_config/base64.o (fopen@@GLIBC_2.2.5)

Allocating common symbols
Common symbol       size              file

aes_error_code_t    0x4               build_test_config/aes_cbc128.o
m_ctx               0xc0              build_test_config/aes_cbc128.o

Discarded input sections

 .note.GNU-stack
                0x0000000000000000        0x0 /usr/lib/gcc/x86_64-linux-gnu/9/../../../x86_64-linux-gnu/Scrt1.o
 .note.gnu.property
                0x0000000000000000       0x20 /usr/lib/gcc/x86_64-linux-gnu/9/../../../x86_64-linux-gnu/crti.o
 .note.GNU-stack
                0x0000000000000000        0x0 /usr/lib/gcc/x86_64-linux-gnu/9/../../../x86_64-linux-gnu/crti.o
 .note.GNU-stack
                0x0000000000000000        0x0 /usr/lib/gcc/x86_64-linux-gnu/9/crtbeginS.o
 .note.gnu.property
                0x0000000000000000       0x20 /usr/lib/gcc/x86_64-linux-gnu/9/crtbeginS.o
 .note.GNU-stack
                0x0000000000000000        0x0 build_test_config/aes.o
 .note.gnu.property
                0x0000000000000000       0x20 build_test_config/aes.o
 .note.GNU-stack
                0x0000000000000000        0x0 build_test_config/aes_cbc128.o
 .note.gnu.property
                0x0000000000000000       0x20 build_test_config/aes_cbc128.o
 .note.GNU-stack
                0x0000000000000000        0x0 build_test_config/base64.o
 .note.gnu.property
                0x0000000000000000       0x20 build_test_config/base64.o
 .note.GNU-stack
                0x0000000000000000        0x0 build_test_config/cJSON.o
 .note.gnu.property
                0x0000000000000000       0x20 build_test_config/cJSON.o
 .note.GNU-stack
                0x0000000000000000        0x0 /usr/lib/x86_64-linux-gnu/libc_nonshared.a(elf-init.oS)
 .note.gnu.property
                0x0000000000000000       0x20 /usr/lib/x86_64-linux-gnu/libc_nonshared.a(elf-init.oS)
 .note.GNU-stack
                0x0000000000000000        0x0 /usr/lib/gcc/x86_64-linux-gnu/9/crtendS.o
 .note.gnu.property
                0x0000000000000000       0x20 /usr/lib/gcc/x86_64-linux-gnu/9/crtendS.o
 .note.gnu.property
                0x0000000000000000       0x20 /usr/lib/gcc/x86_64-linux-gnu/9/../../../x86_64-linux-gnu/crtn.o
 .note.GNU-stack
                0x0000000000000000        0x0 /usr/lib/gcc/x86_64-linux-gnu/9/../../../x86_64-linux-gnu/crtn.o

Memory Configuration

Name             Origin             Length             Attributes
*default*        0x0000000000000000 0xffffffffffffffff

Linker script and memory map

LOAD /usr/lib/gcc/x86_64-linux-gnu/9/../../../x86_64-linux-gnu/Scrt1.o
LOAD /usr/lib/gcc/x86_64-linux-gnu/9/../../../x86_64-linux-gnu/crti.o
LOAD /usr/lib/gcc/x86_64-linux-gnu/9/crtbeginS.o
LOAD build_test_config/aes.o
LOAD build_test_config/aes_cbc128.o
LOAD build_test_config/base64.o
LOAD build_test_config/cJSON.o
LOAD /usr/lib/gcc/x86_64-linux-gnu/9/../../../x86_64-linux-gnu/libpthread.so
LOAD /usr/lib/gcc/x86_64-linux-gnu/9/../../../x86_64-linux-gnu/librt.so
LOAD /usr/lib/gcc/x86_64-linux-gnu/9/../../../x86_64-linux-gnu/libm.so
START GROUP
LOAD /lib/x86_64-linux-gnu/libm.so.6
LOAD /lib/x86_64-linux-gnu/libmvec.so.1
END GROUP
LOAD /usr/lib/gcc/x86_64-linux-gnu/9/../../../x86_64-linux-gnu/libcrypto.so
LOAD /usr/lib/gcc/x86_64-linux-gnu/9/../../../x86_64-linux-gnu/libssl.so
LOAD /usr/lib/gcc/x86_64-linux-gnu/9/libgcc.a
LOAD /usr/lib/gcc/x86_64-linux-gnu/9/libgcc_s.so
START GROUP
LOAD /usr/lib/gcc/x86_64-linux-gnu/9/../../../x86_64-linux-gnu/libgcc_s.so.1
LOAD /usr/lib/gcc/x86_64-linux-gnu/9/libgcc.a
END GROUP
LOAD /usr/lib/gcc/x86_64-linux-gnu/9/../../../x86_64-linux-gnu/libc.so
START GROUP
LOAD /lib/x86_64-linux-gnu/libc.so.6
LOAD /usr/lib/x86_64-linux-gnu/libc_nonshared.a
LOAD /lib/x86_64-linux-gnu/ld-linux-x86-64.so.2
END GROUP
LOAD /usr/lib/gcc/x86_64-linux-gnu/9/libgcc.a
LOAD /usr/lib/gcc/x86_64-linux-gnu/9/libgcc_s.so
START GROUP
LOAD /usr/lib/gcc/x86_64-linux-gnu/9/../../../x86_64-linux-gnu/libgcc_s.so.1
LOAD /usr/lib/gcc/x86_64-linux-gnu/9/libgcc.a
END GROUP
LOAD /usr/lib/gcc/x86_64-linux-gnu/9/crtendS.o
LOAD /usr/lib/gcc/x86_64-linux-gnu/9/../../../x86_64-linux-gnu/crtn.o
                [!provide]                        PROVIDE (__executable_start = SEGMENT_START ("text-segment", 0x0))
                0x0000000000000318                . = (SEGMENT_START ("text-segment", 0x0) + SIZEOF_HEADERS)

.interp         0x0000000000000318       0x1c
 *(.interp)
 .interp        0x0000000000000318       0x1c /usr/lib/gcc/x86_64-linux-gnu/9/../../../x86_64-linux-gnu/Scrt1.o

.note.gnu.property
                0x0000000000000338       0x20
 .note.gnu.property
                0x0000000000000338       0x20 /usr/lib/gcc/x86_64-linux-gnu/9/../../../x86_64-linux-gnu/Scrt1.o

.note.gnu.build-id
                0x0000000000000358       0x24
 *(.note.gnu.build-id)
 .note.gnu.build-id
                0x0000000000000358       0x24 /usr/lib/gcc/x86_64-linux-gnu/9/../../../x86_64-linux-gnu/Scrt1.o

.note.ABI-tag   0x000000000000037c       0x20
 .note.ABI-tag  0x000000000000037c       0x20 /usr/lib/gcc/x86_64-linux-gnu/9/../../../x86_64-linux-gnu/Scrt1.o

.hash
 *(.hash)

.gnu.hash       0x00000000000003a0       0x24
 *(.gnu.hash)
 .gnu.hash      0x00000000000003a0       0x24 /usr/lib/gcc/x86_64-linux-gnu/9/../../../x86_64-linux-gnu/Scrt1.o

.dynsym         0x00000000000003c8      0x210
 *(.dynsym)
 .dynsym        0x00000000000003c8      0x210 /usr/lib/gcc/x86_64-linux-gnu/9/../../../x86_64-linux-gnu/Scrt1.o

.dynstr         0x00000000000005d8      0x145
 *(.dynstr)
 .dynstr        0x00000000000005d8      0x145 /usr/lib/gcc/x86_64-linux-gnu/9/../../../x86_64-linux-gnu/Scrt1.o

.gnu.version    0x000000000000071e       0x2c
 *(.gnu.version)
 .gnu.version   0x000000000000071e       0x2c /usr/lib/gcc/x86_64-linux-gnu/9/../../../x86_64-linux-gnu/Scrt1.o

.gnu.version_d  0x0000000000000750        0x0
 *(.gnu.version_d)
 .gnu.version_d
                0x0000000000000750        0x0 /usr/lib/gcc/x86_64-linux-gnu/9/../../../x86_64-linux-gnu/Scrt1.o

.gnu.version_r  0x0000000000000750       0x70
 *(.gnu.version_r)
 .gnu.version_r
                0x0000000000000750       0x70 /usr/lib/gcc/x86_64-linux-gnu/9/../../../x86_64-linux-gnu/Scrt1.o

.rela.dyn       0x00000000000007c0      0x168
 *(.rela.init)
 *(.rela.text .rela.text.* .rela.gnu.linkonce.t.*)
 .rela.text     0x00000000000007c0        0x0 /usr/lib/gcc/x86_64-linux-gnu/9/../../../x86_64-linux-gnu/Scrt1.o
 *(.rela.fini)
 *(.rela.rodata .rela.rodata.* .rela.gnu.linkonce.r.*)
 *(.rela.data .rela.data.* .rela.gnu.linkonce.d.*)
 .rela.data.rel.ro
                0x00000000000007c0        0x0 /usr/lib/gcc/x86_64-linux-gnu/9/../../../x86_64-linux-gnu/Scrt1.o
 .rela.data.rel.local
                0x00000000000007c0       0x18 /usr/lib/gcc/x86_64-linux-gnu/9/../../../x86_64-linux-gnu/Scrt1.o
 .rela.data.rel
                0x00000000000007d8       0x48 /usr/lib/gcc/x86_64-linux-gnu/9/../../../x86_64-linux-gnu/Scrt1.o
 *(.rela.tdata .rela.tdata.* .rela.gnu.linkonce.td.*)
 *(.rela.tbss .rela.tbss.* .rela.gnu.linkonce.tb.*)
 *(.rela.ctors)
 *(.rela.dtors)
 *(.rela.got)
 .rela.got      0x0000000000000820       0xd8 /usr/lib/gcc/x86_64-linux-gnu/9/../../../x86_64-linux-gnu/Scrt1.o
 *(.rela.bss .rela.bss.* .rela.gnu.linkonce.b.*)
 .rela.bss      0x00000000000008f8        0x0 /usr/lib/gcc/x86_64-linux-gnu/9/../../../x86_64-linux-gnu/Scrt1.o
 *(.rela.ldata .rela.ldata.* .rela.gnu.linkonce.l.*)
 *(.rela.lbss .rela.lbss.* .rela.gnu.linkonce.lb.*)
 *(.rela.lrodata .rela.lrodata.* .rela.gnu.linkonce.lr.*)
 *(.rela.ifunc)
 .rela.ifunc    0x00000000000008f8        0x0 /usr/lib/gcc/x86_64-linux-gnu/9/../../../x86_64-linux-gnu/Scrt1.o
 .rela.fini_array
                0x00000000000008f8       0x18 /usr/lib/gcc/x86_64-linux-gnu/9/../../../x86_64-linux-gnu/Scrt1.o
 .rela.init_array
                0x0000000000000910       0x18 /usr/lib/gcc/x86_64-linux-gnu/9/../../../x86_64-linux-gnu/Scrt1.o

.rela.plt       0x0000000000000928      0x138
 *(.rela.plt)
 .rela.plt      0x0000000000000928      0x138 /usr/lib/gcc/x86_64-linux-gnu/9/../../../x86_64-linux-gnu/Scrt1.o
 *(.rela.iplt)
                0x0000000000001000                . = ALIGN (CONSTANT (MAXPAGESIZE))

.init           0x0000000000001000       0x1b
 *(SORT_NONE(.init))
 .init          0x0000000000001000       0x16 /usr/lib/gcc/x86_64-linux-gnu/9/../../../x86_64-linux-gnu/crti.o
                0x0000000000001000                _init
 .init          0x0000000000001016        0x5 /usr/lib/gcc/x86_64-linux-gnu/9/../../../x86_64-linux-gnu/crtn.o

.plt            0x0000000000001020       0xe0
 *(.plt)
 .plt           0x0000000000001020       0xe0 /usr/lib/gcc/x86_64-linux-gnu/9/../../../x86_64-linux-gnu/Scrt1.o
 *(.iplt)

.plt.got        0x0000000000001100       0x10
 *(.plt.got)
 .plt.got       0x0000000000001100       0x10 /usr/lib/gcc/x86_64-linux-gnu/9/../../../x86_64-linux-gnu/Scrt1.o
                0x0000000000001100                __cxa_finalize@@GLIBC_2.2.5

.plt.sec        0x0000000000001110       0xd0
 *(.plt.sec)
 .plt.sec       0x0000000000001110       0xd0 /usr/lib/gcc/x86_64-linux-gnu/9/../../../x86_64-linux-gnu/Scrt1.o
                0x0000000000001110                strtod@@GLIBC_2.2.5
                0x0000000000001120                fclose@@GLIBC_2.2.5
                0x0000000000001130                strlen@@GLIBC_2.2.5
                0x0000000000001140                __stack_chk_fail@@GLIBC_2.4
                0x0000000000001150                memset@@GLIBC_2.2.5
                0x0000000000001160                fgetc@@GLIBC_2.2.5
                0x0000000000001170                fputc@@GLIBC_2.2.5
                0x0000000000001180                strcmp@@GLIBC_2.2.5
                0x0000000000001190                memcpy@@GLIBC_2.14
                0x00000000000011a0                __isoc99_sscanf@@GLIBC_2.7
                0x00000000000011b0                fopen@@GLIBC_2.2.5
                0x00000000000011c0                __ctype_tolower_loc@@GLIBC_2.3
                0x00000000000011d0                __sprintf_chk@@GLIBC_2.3.4

.text           0x00000000000011e0     0x74a5
 *(.text.unlikely .text.*_unlikely .text.unlikely.*)
 *(.text.exit .text.exit.*)
 *(.text.startup .text.startup.*)
 *(.text.hot .text.hot.*)
 *(SORT_BY_NAME(.text.sorted.*))
 *(.text .stub .text.* .gnu.linkonce.t.*)
 .text          0x00000000000011e0       0x2f /usr/lib/gcc/x86_64-linux-gnu/9/../../../x86_64-linux-gnu/Scrt1.o
                0x00000000000011e0                _start
 .text          0x000000000000120f        0x0 /usr/lib/gcc/x86_64-linux-gnu/9/../../../x86_64-linux-gnu/crti.o
 *fill*         0x000000000000120f        0x1 
 .text          0x0000000000001210       0xb9 /usr/lib/gcc/x86_64-linux-gnu/9/crtbeginS.o
 *fill*         0x00000000000012c9        0x7 
 .text          0x00000000000012d0     0x12dc build_test_config/aes.o
                0x0000000000002090                AES_init_ctx
                0x00000000000020a0                AES_init_ctx_iv
                0x00000000000020d0                AES_ctx_set_iv
                0x00000000000020e0                AES_ECB_encrypt
                0x0000000000002100                AES_ECB_decrypt
                0x0000000000002120                AES_CBC_encrypt_buffer
                0x0000000000002210                AES_CBC_decrypt_buffer
                0x0000000000002310                AES_CTR_xcrypt_buffer
 *fill*         0x00000000000025ac        0x4 
 .text          0x00000000000025b0      0x2a8 build_test_config/aes_cbc128.o
                0x00000000000025b0                add_padding_PKCS7
                0x00000000000025e0                remove_padding_PKCS7
                0x0000000000002660                aes_cbc128_init
                0x00000000000026d0                aes_cbc128_encrypt
                0x0000000000002770                aes_cbc128_decrypt
 *fill*         0x0000000000002858        0x8 
 .text          0x0000000000002860      0x953 build_test_config/base64.o
                0x0000000000002860                b64_int
                0x00000000000028d0                b64e_size
                0x0000000000002a30                b64d_size
                0x0000000000002a40                b64_encode
                0x0000000000002c20                b64_decode
                0x0000000000002da0                b64_encodef
                0x0000000000002fc0                b64_decodef
 *fill*         0x00000000000031b3        0xd 
 .text          0x00000000000031c0     0x544a build_test_config/cJSON.o
                0x0000000000004290                cJSON_GetErrorPtr
                0x00000000000042b0                cJSON_GetStringValue
                0x00000000000042d0                cJSON_GetNumberValue
                0x0000000000004300                cJSON_Version
                0x0000000000004350                cJSON_InitHooks
                0x0000000000004440                cJSON_Delete
                0x0000000000004c40                cJSON_SetNumberHelper
                0x0000000000004c90                cJSON_SetValuestring
                0x0000000000004d50                cJSON_ParseWithOpts
                0x0000000000004fd0                cJSON_ParseWithLengthOpts
                0x0000000000005250                cJSON_Parse
                0x0000000000005420                cJSON_ParseWithLength
                0x00000000000055e0                cJSON_Print
                0x0000000000005740                cJSON_PrintUnformatted
                0x00000000000058a0                cJSON_PrintBuffered
                0x0000000000005980                cJSON_PrintPreallocated
                0x0000000000005a30                cJSON_GetArraySize
                0x0000000000005a60                cJSON_GetArrayItem
                0x0000000000005aa0                cJSON_GetObjectItem
                0x0000000000005ab0                cJSON_GetObjectItemCaseSensitive
                0x0000000000005b30                cJSON_HasObjectItem
                0x0000000000005b50                cJSON_AddItemToArray
                0x0000000000005be0                cJSON_AddItemToObject
                0x0000000000005d00                cJSON_AddItemToObjectCS
                0x0000000000005df0                cJSON_AddItemReferenceToArray
                0x0000000000005f00                cJSON_AddItemReferenceToObject
                0x0000000000006070                cJSON_AddNullToObject
                0x00000000000061b0                cJSON_AddTrueToObject
                0x00000000000062f0                cJSON_AddFalseToObject
                0x0000000000006430                cJSON_AddBoolToObject
                0x0000000000006580                cJSON_AddNumberToObject
                0x0000000000006730                cJSON_AddStringToObject
                0x00000000000068c0                cJSON_AddRawToObject
                0x0000000000006a50                cJSON_AddObjectToObject
                0x0000000000006b90                cJSON_AddArrayToObject
                0x0000000000006cd0                cJSON_DetachItemViaPointer
                0x0000000000006d50                cJSON_DetachItemFromArray
                0x0000000000006e00                cJSON_DeleteItemFromArray
                0x0000000000006eb0                cJSON_DetachItemFromObject
                0x0000000000006f30                cJSON_DetachItemFromObjectCaseSensitive
                0x0000000000007000                cJSON_DeleteItemFromObject
                0x0000000000007080                cJSON_DeleteItemFromObjectCaseSensitive
                0x0000000000007140                cJSON_InsertItemInArray
                0x0000000000007240                cJSON_ReplaceItemViaPointer
                0x00000000000072f0                cJSON_ReplaceItemInArray
                0x00000000000073d0                cJSON_ReplaceItemInObject
                0x0000000000007520                cJSON_ReplaceItemInObjectCaseSensitive
                0x0000000000007680                cJSON_CreateNull
                0x00000000000076c0                cJSON_CreateTrue
                0x0000000000007700                cJSON_CreateFalse
                0x0000000000007740                cJSON_CreateBool
                0x0000000000007780                cJSON_CreateNumber
                0x0000000000007810                cJSON_CreateString
                0x00000000000078b0                cJSON_CreateStringReference
                0x00000000000078f0                cJSON_CreateObjectReference
                0x0000000000007930                cJSON_CreateArrayReference
                0x0000000000007970                cJSON_CreateRaw
                0x0000000000007a10                cJSON_CreateArray
                0x0000000000007a50                cJSON_CreateObject
                0x0000000000007a90                cJSON_CreateIntArray
                0x0000000000007ba0                cJSON_CreateFloatArray
                0x0000000000007d10                cJSON_CreateDoubleArray
                0x0000000000007e70                cJSON_CreateStringArray
                0x0000000000007fe0                cJSON_Duplicate
                0x0000000000008140                cJSON_Minify
                0x00000000000082b0                cJSON_IsInvalid
                0x00000000000082d0                cJSON_IsFalse
                0x00000000000082f0                cJSON_IsTrue
                0x0000000000008310                cJSON_IsBool
                0x0000000000008330                cJSON_IsNull
                0x0000000000008350                cJSON_IsNumber
                0x0000000000008370                cJSON_IsString
                0x0000000000008390                cJSON_IsArray
                0x00000000000083b0                cJSON_IsObject
                0x00000000000083d0                cJSON_IsRaw
                0x00000000000083f0                cJSON_Compare
                0x00000000000085f0                cJSON_malloc
                0x0000000000008600                cJSON_free
 *fill*         0x000000000000860a        0x6 
 .text          0x0000000000008610       0x75 /usr/lib/x86_64-linux-gnu/libc_nonshared.a(elf-init.oS)
                0x0000000000008610                __libc_csu_init
                0x0000000000008680                __libc_csu_fini
 .text          0x0000000000008685        0x0 /usr/lib/gcc/x86_64-linux-gnu/9/crtendS.o
 .text          0x0000000000008685        0x0 /usr/lib/gcc/x86_64-linux-gnu/9/../../../x86_64-linux-gnu/crtn.o
 *(.gnu.warning)

.fini           0x0000000000008688        0xd
 *(SORT_NONE(.fini))
 .fini          0x0000000000008688        0x8 /usr/lib/gcc/x86_64-linux-gnu/9/../../../x86_64-linux-gnu/crti.o
                0x0000000000008688                _fini
 .fini          0x0000000000008690        0x5 /usr/lib/gcc/x86_64-linux-gnu/9/../../../x86_64-linux-gnu/crtn.o
                [!provide]                        PROVIDE (__etext = .)
                [!provide]                        PROVIDE (_etext = .)
                [!provide]                        PROVIDE (etext = .)
                0x0000000000009000                . = ALIGN (CONSTANT (MAXPAGESIZE))
                0x0000000000009000                . = SEGMENT_START ("rodata-segment", (ALIGN (CONSTANT (MAXPAGESIZE)) + (. & (CONSTANT (MAXPAGESIZE) - 0x1))))

.rodata         0x0000000000009000      0x66c
 *(.rodata .rodata.* .gnu.linkonce.r.*)
 .rodata.cst4   0x0000000000009000        0x4 /usr/lib/gcc/x86_64-linux-gnu/9/../../../x86_64-linux-gnu/Scrt1.o
                0x0000000000009000                _IO_stdin_used
 *fill*         0x0000000000009004       0x1c 
 .rodata        0x0000000000009020      0x220 build_test_config/aes.o
 .rodata.str1.1
                0x0000000000009240        0x6 build_test_config/base64.o
 *fill*         0x0000000000009246        0xa 
 .rodata.cst16  0x0000000000009250       0x30 build_test_config/base64.o
 .rodata.str1.1
                0x0000000000009280       0x31 build_test_config/cJSON.o
 *fill*         0x00000000000092b1        0x3 
 .rodata        0x00000000000092b4      0x368 build_test_config/cJSON.o
 *fill*         0x000000000000961c        0x4 
 .rodata.cst16  0x0000000000009620       0x20 build_test_config/cJSON.o
 .rodata.cst8   0x0000000000009640       0x28 build_test_config/cJSON.o
 .rodata.cst4   0x0000000000009668        0x4 build_test_config/cJSON.o

.rodata1
 *(.rodata1)

.eh_frame_hdr   0x000000000000966c      0x394
 *(.eh_frame_hdr)
 .eh_frame_hdr  0x000000000000966c      0x394 /usr/lib/gcc/x86_64-linux-gnu/9/../../../x86_64-linux-gnu/Scrt1.o
                0x000000000000966c                __GNU_EH_FRAME_HDR
 *(.eh_frame_entry .eh_frame_entry.*)

.eh_frame       0x0000000000009a00     0x1430
 *(.eh_frame)
 .eh_frame      0x0000000000009a00       0x30 /usr/lib/gcc/x86_64-linux-gnu/9/../../../x86_64-linux-gnu/Scrt1.o
                                         0x2c (size before relaxing)
 *fill*         0x0000000000009a30        0x0 
 .eh_frame      0x0000000000009a30       0x28 /usr/lib/gcc/x86_64-linux-gnu/9/../../../x86_64-linux-gnu/Scrt1.o
                                         0x40 (size before relaxing)
 .eh_frame      0x0000000000009a58       0x18 /usr/lib/gcc/x86_64-linux-gnu/9/../../../x86_64-linux-gnu/Scrt1.o
                                         0x30 (size before relaxing)
 .eh_frame      0x0000000000009a70       0x18 /usr/lib/gcc/x86_64-linux-gnu/9/../../../x86_64-linux-gnu/Scrt1.o
                                         0x30 (size before relaxing)
 .eh_frame      0x0000000000009a88      0x1d0 build_test_config/aes.o
                                        0x1e8 (size before relaxing)
 .eh_frame      0x0000000000009c58       0xc8 build_test_config/aes_cbc128.o
                                         0xe0 (size before relaxing)
 .eh_frame      0x0000000000009d20      0x118 build_test_config/base64.o
                                        0x130 (size before relaxing)
 .eh_frame      0x0000000000009e38      0xf98 build_test_config/cJSON.o
                                        0xfb0 (size before relaxing)
 .eh_frame      0x000000000000add0       0x5c /usr/lib/x86_64-linux-gnu/libc_nonshared.a(elf-init.oS)
                                         0x78 (size before relaxing)
 .eh_frame      0x000000000000ae2c        0x4 /usr/lib/gcc/x86_64-linux-gnu/9/crtendS.o
 *(.eh_frame.*)

.gcc_except_table
 *(.gcc_except_table .gcc_except_table.*)

.gnu_extab
 *(.gnu_extab*)

.exception_ranges
 *(.exception_ranges*)
                0x000000000000cd38                . = DATA_SEGMENT_ALIGN (CONSTANT (MAXPAGESIZE), CONSTANT (COMMONPAGESIZE))

.eh_frame
 *(.eh_frame)
 *(.eh_frame.*)

.gnu_extab
 *(.gnu_extab)

.gcc_except_table
 *(.gcc_except_table .gcc_except_table.*)

.exception_ranges
 *(.exception_ranges*)

.tdata          0x000000000000cd38        0x0
                [!provide]                        PROVIDE (__tdata_start = .)
 *(.tdata .tdata.* .gnu.linkonce.td.*)

.tbss
 *(.tbss .tbss.* .gnu.linkonce.tb.*)
 *(.tcommon)

.preinit_array  0x000000000000cd38        0x0
                [!provide]                        PROVIDE (__preinit_array_start = .)
 *(.preinit_array)
                [!provide]                        PROVIDE (__preinit_array_end = .)

.init_array     0x000000000000cd38        0x8
                0x000000000000cd38                PROVIDE (__init_array_start = .)
 *(SORT_BY_INIT_PRIORITY(.init_array.*) SORT_BY_INIT_PRIORITY(.ctors.*))
 *(.init_array EXCLUDE_FILE(*crtend?.o *crtend.o *crtbegin?.o *crtbegin.o) .ctors)
 .init_array    0x000000000000cd38        0x8 /usr/lib/gcc/x86_64-linux-gnu/9/crtbeginS.o
                0x000000000000cd40                PROVIDE (__init_array_end = .)

.fini_array     0x000000000000cd40        0x8
                [!provide]                        PROVIDE (__fini_array_start = .)
 *(SORT_BY_INIT_PRIORITY(.fini_array.*) SORT_BY_INIT_PRIORITY(.dtors.*))
 *(.fini_array EXCLUDE_FILE(*crtend?.o *crtend.o *crtbegin?.o *crtbegin.o) .dtors)
 .fini_array    0x000000000000cd40        0x8 /usr/lib/gcc/x86_64-linux-gnu/9/crtbeginS.o
                [!provide]                        PROVIDE (__fini_array_end = .)

.ctors
 *crtbegin.o(.ctors)
 *crtbegin?.o(.ctors)
 *(EXCLUDE_FILE(*crtend?.o *crtend.o) .ctors)
 *(SORT_BY_NAME(.ctors.*))
 *(.ctors)

.dtors
 *crtbegin.o(.dtors)
 *crtbegin?.o(.dtors)
 *(EXCLUDE_FILE(*crtend?.o *crtend.o) .dtors)
 *(SORT_BY_NAME(.dtors.*))
 *(.dtors)

.jcr
 *(.jcr)

.data.rel.ro    0x000000000000cd48        0x0
 *(.data.rel.ro.local* .gnu.linkonce.d.rel.ro.local.*)
 *(.data.rel.ro .data.rel.ro.* .gnu.linkonce.d.rel.ro.*)
 .data.rel.ro   0x000000000000cd48        0x0 /usr/lib/gcc/x86_64-linux-gnu/9/../../../x86_64-linux-gnu/Scrt1.o

.dynamic        0x000000000000cd48      0x1f0
 *(.dynamic)
 .dynamic       0x000000000000cd48      0x1f0 /usr/lib/gcc/x86_64-linux-gnu/9/../../../x86_64-linux-gnu/Scrt1.o
                0x000000000000cd48                _DYNAMIC

.got            0x000000000000cf38       0xc8
 *(.got.plt)
 .got.plt       0x000000000000cf38       0x80 /usr/lib/gcc/x86_64-linux-gnu/9/../../../x86_64-linux-gnu/Scrt1.o
                0x000000000000cf38                _GLOBAL_OFFSET_TABLE_
 *(.igot.plt)
 *(.got)
 .got           0x000000000000cfb8       0x48 /usr/lib/gcc/x86_64-linux-gnu/9/../../../x86_64-linux-gnu/Scrt1.o
 *(.igot)
                0x000000000000d000                . = DATA_SEGMENT_RELRO_END (., 0x0)

.data           0x000000000000d000       0x88
 *(.data .data.* .gnu.linkonce.d.*)
 .data          0x000000000000d000        0x4 /usr/lib/gcc/x86_64-linux-gnu/9/../../../x86_64-linux-gnu/Scrt1.o
                0x000000000000d000                data_start
                0x000000000000d000                __data_start
 .data          0x000000000000d004        0x0 /usr/lib/gcc/x86_64-linux-gnu/9/../../../x86_64-linux-gnu/crti.o
 .data          0x000000000000d004        0x0 /usr/lib/gcc/x86_64-linux-gnu/9/crtbeginS.o
 *fill*         0x000000000000d004        0x4 
 .data.rel.local
                0x000000000000d008        0x8 /usr/lib/gcc/x86_64-linux-gnu/9/crtbeginS.o
                0x000000000000d008                __dso_handle
 .data          0x000000000000d010        0x0 build_test_config/aes.o
 .data          0x000000000000d010        0x0 build_test_config/aes_cbc128.o
 *fill*         0x000000000000d010       0x10 
 .data          0x000000000000d020       0x41 build_test_config/base64.o
                0x000000000000d020                b64_chr
 .data          0x000000000000d061        0x0 build_test_config/cJSON.o
 *fill*         0x000000000000d061        0xf 
 .data.rel      0x000000000000d070       0x18 build_test_config/cJSON.o
 .data          0x000000000000d088        0x0 /usr/lib/x86_64-linux-gnu/libc_nonshared.a(elf-init.oS)
 .data          0x000000000000d088        0x0 /usr/lib/gcc/x86_64-linux-gnu/9/crtendS.o
 .data          0x000000000000d088        0x0 /usr/lib/gcc/x86_64-linux-gnu/9/../../../x86_64-linux-gnu/crtn.o

.tm_clone_table
                0x000000000000d088        0x0
 .tm_clone_table
                0x000000000000d088        0x0 /usr/lib/gcc/x86_64-linux-gnu/9/crtbeginS.o
 .tm_clone_table
                0x000000000000d088        0x0 /usr/lib/gcc/x86_64-linux-gnu/9/crtendS.o

.data1
 *(.data1)
                0x000000000000d088                _edata = .
                [!provide]                        PROVIDE (edata = .)
                0x000000000000d088                . = .
                0x000000000000d088                __bss_start = .

.bss            0x000000000000d0a0      0x120
 *(.dynbss)
 .dynbss        0x000000000000d0a0        0x0 /usr/lib/gcc/x86_64-linux-gnu/9/../../../x86_64-linux-gnu/Scrt1.o
 *(.bss .bss.* .gnu.linkonce.b.*)
 .bss           0x000000000000d0a0        0x0 /usr/lib/gcc/x86_64-linux-gnu/9/../../../x86_64-linux-gnu/Scrt1.o
 .bss           0x000000000000d0a0        0x0 /usr/lib/gcc/x86_64-linux-gnu/9/../../../x86_64-linux-gnu/crti.o
 .bss           0x000000000000d0a0        0x1 /usr/lib/gcc/x86_64-linux-gnu/9/crtbeginS.o
 .bss           0x000000000000d0a1        0x0 build_test_config/aes.o
 .bss           0x000000000000d0a1        0x0 build_test_config/aes_cbc128.o
 .bss           0x000000000000d0a1        0x0 build_test_config/base64.o
 *fill*         0x000000000000d0a1        0xf 
 .bss           0x000000000000d0b0       0x20 build_test_config/cJSON.o
 .bss           0x000000000000d0d0        0x0 /usr/lib/x86_64-linux-gnu/libc_nonshared.a(elf-init.oS)
 .bss           0x000000000000d0d0        0x0 /usr/lib/gcc/x86_64-linux-gnu/9/crtendS.o
 .bss           0x000000000000d0d0        0x0 /usr/lib/gcc/x86_64-linux-gnu/9/../../../x86_64-linux-gnu/crtn.o
 *(COMMON)
 *fill*         0x000000000000d0d0       0x10 
 COMMON         0x000000000000d0e0       0xe0 build_test_config/aes_cbc128.o
                0x000000000000d0e0                aes_error_code_t
                0x000000000000d100                m_ctx
                0x000000000000d1c0                . = ALIGN ((. != 0x0)?0x8:0x1)

.lbss
 *(.dynlbss)
 *(.lbss .lbss.* .gnu.linkonce.lb.*)
 *(LARGE_COMMON)
                0x000000000000d1c0                . = ALIGN (0x8)
                0x000000000000d1c0                . = SEGMENT_START ("ldata-segment", .)

.lrodata
 *(.lrodata .lrodata.* .gnu.linkonce.lr.*)

.ldata          0x000000000000f1c0        0x0
 *(.ldata .ldata.* .gnu.linkonce.l.*)
                0x000000000000f1c0                . = ALIGN ((. != 0x0)?0x8:0x1)
                0x000000000000f1c0                . = ALIGN (0x8)
                0x000000000000d1c0                _end = .
                [!provide]                        PROVIDE (end = .)
                0x000000000000f1c0                . = DATA_SEGMENT_END (.)

.stab
 *(.stab)

.stabstr
 *(.stabstr)

.stab.excl
 *(.stab.excl)

.stab.exclstr
 *(.stab.exclstr)

.stab.index
 *(.stab.index)

.stab.indexstr
 *(.stab.indexstr)

.comment        0x0000000000000000       0x2a
 *(.comment)
 .comment       0x0000000000000000       0x2a /usr/lib/gcc/x86_64-linux-gnu/9/crtbeginS.o
                                         0x2b (size before relaxing)
 .comment       0x000000000000002a       0x2b build_test_config/aes.o
 .comment       0x000000000000002a       0x2b build_test_config/aes_cbc128.o
 .comment       0x000000000000002a       0x2b build_test_config/base64.o
 .comment       0x000000000000002a       0x2b build_test_config/cJSON.o
 .comment       0x000000000000002a       0x2b /usr/lib/gcc/x86_64-linux-gnu/9/crtendS.o

.gnu.build.attributes
 *(.gnu.build.attributes .gnu.build.attributes.*)

.debug
 *(.debug)

.line
 *(.line)

.debug_srcinfo
 *(.debug_srcinfo)

.debug_sfnames
 *(.debug_sfnames)

.debug_aranges  0x0000000000000000       0xc0
 *(.debug_aranges)
 .debug_aranges
                0x0000000000000000       0x30 build_test_config/aes.o
 .debug_aranges
                0x0000000000000030       0x30 build_test_config/aes_cbc128.o
 .debug_aranges
                0x0000000000000060       0x30 build_test_config/base64.o
 .debug_aranges
                0x0000000000000090       0x30 build_test_config/cJSON.o

.debug_pubnames
 *(.debug_pubnames)

.debug_info     0x0000000000000000     0xc7e5
 *(.debug_info .gnu.linkonce.wi.*)
 .debug_info    0x0000000000000000     0x10b2 build_test_config/aes.o
 .debug_info    0x00000000000010b2      0xa72 build_test_config/aes_cbc128.o
 .debug_info    0x0000000000001b24      0xaab build_test_config/base64.o
 .debug_info    0x00000000000025cf     0xa216 build_test_config/cJSON.o

.debug_abbrev   0x0000000000000000      0xed4
 *(.debug_abbrev)
 .debug_abbrev  0x0000000000000000      0x3e1 build_test_config/aes.o
 .debug_abbrev  0x00000000000003e1      0x287 build_test_config/aes_cbc128.o
 .debug_abbrev  0x0000000000000668      0x230 build_test_config/base64.o
 .debug_abbrev  0x0000000000000898      0x63c build_test_config/cJSON.o

.debug_line     0x0000000000000000     0x862e
 *(.debug_line .debug_line.* .debug_line_end)
 .debug_line    0x0000000000000000     0x1824 build_test_config/aes.o
 .debug_line    0x0000000000001824      0x3da build_test_config/aes_cbc128.o
 .debug_line    0x0000000000001bfe      0x796 build_test_config/base64.o
 .debug_line    0x0000000000002394     0x629a build_test_config/cJSON.o

.debug_frame
 *(.debug_frame)

.debug_str      0x0000000000000000     0x12fb
 *(.debug_str)
 .debug_str     0x0000000000000000      0x270 build_test_config/aes.o
                                        0x302 (size before relaxing)
 .debug_str     0x0000000000000270      0x2dd build_test_config/aes_cbc128.o
                                        0x4cb (size before relaxing)
 .debug_str     0x000000000000054d       0x98 build_test_config/base64.o
                                        0x3a1 (size before relaxing)
 .debug_str     0x00000000000005e5      0xd16 build_test_config/cJSON.o
                                       0x1127 (size before relaxing)

.debug_loc      0x0000000000000000    0x1c19f
 *(.debug_loc)
 .debug_loc     0x0000000000000000     0x2f66 build_test_config/aes.o
 .debug_loc     0x0000000000002f66     0x1176 build_test_config/aes_cbc128.o
 .debug_loc     0x00000000000040dc     0x1081 build_test_config/base64.o
 .debug_loc     0x000000000000515d    0x17042 build_test_config/cJSON.o

.debug_macinfo
 *(.debug_macinfo)

.debug_weaknames
 *(.debug_weaknames)

.debug_funcnames
 *(.debug_funcnames)

.debug_typenames
 *(.debug_typenames)

.debug_varnames
 *(.debug_varnames)

.debug_pubtypes
 *(.debug_pubtypes)

.debug_ranges   0x0000000000000000     0x4680
 *(.debug_ranges)
 .debug_ranges  0x0000000000000000      0x9b0 build_test_config/aes.o
 .debug_ranges  0x00000000000009b0      0x190 build_test_config/aes_cbc128.o
 .debug_ranges  0x0000000000000b40       0xd0 build_test_config/base64.o
 .debug_ranges  0x0000000000000c10     0x3a70 build_test_config/cJSON.o

.debug_macro
 *(.debug_macro)

.debug_addr
 *(.debug_addr)

.gnu.attributes
 *(.gnu.attributes)

/DISCARD/
 *(.note.GNU-stack)
 *(.gnu_debuglink)
 *(.gnu.lto_*)
OUTPUT(build_test_config/test_config elf64-x86-64)
