Archive member included to satisfy reference by file (symbol)

/usr/lib/x86_64-linux-gnu/libc_nonshared.a(elf-init.oS)
                              /usr/lib/gcc/x86_64-linux-gnu/9/../../../x86_64-linux-gnu/Scrt1.o (__libc_csu_init)

Merging program properties


As-needed library included to satisfy reference by file (symbol)

libpthread.so.0               build_app/tcp_server.o (send@@GLIBC_2.2.5)
libc.so.6                     build_app/udp_broadcast.o (socket@@GLIBC_2.2.5)

Allocating common symbols
Common symbol       size              file

aes_error_code_t    0x4               build_app/aes_cbc128.o
m_ctx               0xc0              build_app/aes_cbc128.o
udp_thread_obj      0x8               build_app/main.o
tcp_thread_obj      0x8               build_app/main.o

Discarded input sections

 .note.GNU-stack
                0x0000000000000000        0x0 /usr/lib/gcc/x86_64-linux-gnu/9/../../../x86_64-linux-gnu/Scrt1.o
 .note.gnu.property
                0x0000000000000000       0x20 /usr/lib/gcc/x86_64-linux-gnu/9/../../../x86_64-linux-gnu/crti.o
 .note.GNU-stack
                0x0000000000000000        0x0 /usr/lib/gcc/x86_64-linux-gnu/9/../../../x86_64-linux-gnu/crti.o
 .note.GNU-stack
                0x0000000000000000        0x0 /usr/lib/gcc/x86_64-linux-gnu/9/crtbeginS.o
 .note.gnu.property
                0x0000000000000000       0x20 /usr/lib/gcc/x86_64-linux-gnu/9/crtbeginS.o
 .note.GNU-stack
                0x0000000000000000        0x0 build_app/aes.o
 .note.gnu.property
                0x0000000000000000       0x20 build_app/aes.o
 .note.GNU-stack
                0x0000000000000000        0x0 build_app/aes_cbc128.o
 .note.gnu.property
                0x0000000000000000       0x20 build_app/aes_cbc128.o
 .note.GNU-stack
                0x0000000000000000        0x0 build_app/base64.o
 .note.gnu.property
                0x0000000000000000       0x20 build_app/base64.o
 .note.GNU-stack
                0x0000000000000000        0x0 build_app/cJSON.o
 .note.gnu.property
                0x0000000000000000       0x20 build_app/cJSON.o
 .note.GNU-stack
                0x0000000000000000        0x0 build_app/udp_broadcast.o
 .note.gnu.property
                0x0000000000000000       0x20 build_app/udp_broadcast.o
 .note.GNU-stack
                0x0000000000000000        0x0 build_app/tcp_server.o
 .note.gnu.property
                0x0000000000000000       0x20 build_app/tcp_server.o
 .note.GNU-stack
                0x0000000000000000        0x0 build_app/main.o
 .note.gnu.property
                0x0000000000000000       0x20 build_app/main.o
 .note.GNU-stack
                0x0000000000000000        0x0 /usr/lib/x86_64-linux-gnu/libc_nonshared.a(elf-init.oS)
 .note.gnu.property
                0x0000000000000000       0x20 /usr/lib/x86_64-linux-gnu/libc_nonshared.a(elf-init.oS)
 .note.GNU-stack
                0x0000000000000000        0x0 /usr/lib/gcc/x86_64-linux-gnu/9/crtendS.o
 .note.gnu.property
                0x0000000000000000       0x20 /usr/lib/gcc/x86_64-linux-gnu/9/crtendS.o
 .note.gnu.property
                0x0000000000000000       0x20 /usr/lib/gcc/x86_64-linux-gnu/9/../../../x86_64-linux-gnu/crtn.o
 .note.GNU-stack
                0x0000000000000000        0x0 /usr/lib/gcc/x86_64-linux-gnu/9/../../../x86_64-linux-gnu/crtn.o

Memory Configuration

Name             Origin             Length             Attributes
*default*        0x0000000000000000 0xffffffffffffffff

Linker script and memory map

LOAD /usr/lib/gcc/x86_64-linux-gnu/9/../../../x86_64-linux-gnu/Scrt1.o
LOAD /usr/lib/gcc/x86_64-linux-gnu/9/../../../x86_64-linux-gnu/crti.o
LOAD /usr/lib/gcc/x86_64-linux-gnu/9/crtbeginS.o
LOAD build_app/aes.o
LOAD build_app/aes_cbc128.o
LOAD build_app/base64.o
LOAD build_app/cJSON.o
LOAD build_app/udp_broadcast.o
LOAD build_app/tcp_server.o
LOAD build_app/main.o
LOAD /usr/lib/gcc/x86_64-linux-gnu/9/../../../x86_64-linux-gnu/libpthread.so
LOAD /usr/lib/gcc/x86_64-linux-gnu/9/../../../x86_64-linux-gnu/librt.so
LOAD /usr/lib/gcc/x86_64-linux-gnu/9/../../../x86_64-linux-gnu/libm.so
START GROUP
LOAD /lib/x86_64-linux-gnu/libm.so.6
LOAD /lib/x86_64-linux-gnu/libmvec.so.1
END GROUP
LOAD /usr/lib/gcc/x86_64-linux-gnu/9/../../../x86_64-linux-gnu/libcrypto.so
LOAD /usr/lib/gcc/x86_64-linux-gnu/9/../../../x86_64-linux-gnu/libssl.so
LOAD /usr/lib/gcc/x86_64-linux-gnu/9/libgcc.a
LOAD /usr/lib/gcc/x86_64-linux-gnu/9/libgcc_s.so
START GROUP
LOAD /usr/lib/gcc/x86_64-linux-gnu/9/../../../x86_64-linux-gnu/libgcc_s.so.1
LOAD /usr/lib/gcc/x86_64-linux-gnu/9/libgcc.a
END GROUP
LOAD /usr/lib/gcc/x86_64-linux-gnu/9/../../../x86_64-linux-gnu/libc.so
START GROUP
LOAD /lib/x86_64-linux-gnu/libc.so.6
LOAD /usr/lib/x86_64-linux-gnu/libc_nonshared.a
LOAD /lib/x86_64-linux-gnu/ld-linux-x86-64.so.2
END GROUP
LOAD /usr/lib/gcc/x86_64-linux-gnu/9/libgcc.a
LOAD /usr/lib/gcc/x86_64-linux-gnu/9/libgcc_s.so
START GROUP
LOAD /usr/lib/gcc/x86_64-linux-gnu/9/../../../x86_64-linux-gnu/libgcc_s.so.1
LOAD /usr/lib/gcc/x86_64-linux-gnu/9/libgcc.a
END GROUP
LOAD /usr/lib/gcc/x86_64-linux-gnu/9/crtendS.o
LOAD /usr/lib/gcc/x86_64-linux-gnu/9/../../../x86_64-linux-gnu/crtn.o
                [!provide]                        PROVIDE (__executable_start = SEGMENT_START ("text-segment", 0x0))
                0x0000000000000318                . = (SEGMENT_START ("text-segment", 0x0) + SIZEOF_HEADERS)

.interp         0x0000000000000318       0x1c
 *(.interp)
 .interp        0x0000000000000318       0x1c /usr/lib/gcc/x86_64-linux-gnu/9/../../../x86_64-linux-gnu/Scrt1.o

.note.gnu.property
                0x0000000000000338       0x20
 .note.gnu.property
                0x0000000000000338       0x20 /usr/lib/gcc/x86_64-linux-gnu/9/../../../x86_64-linux-gnu/Scrt1.o

.note.gnu.build-id
                0x0000000000000358       0x24
 *(.note.gnu.build-id)
 .note.gnu.build-id
                0x0000000000000358       0x24 /usr/lib/gcc/x86_64-linux-gnu/9/../../../x86_64-linux-gnu/Scrt1.o

.note.ABI-tag   0x000000000000037c       0x20
 .note.ABI-tag  0x000000000000037c       0x20 /usr/lib/gcc/x86_64-linux-gnu/9/../../../x86_64-linux-gnu/Scrt1.o

.hash
 *(.hash)

.gnu.hash       0x00000000000003a0       0x24
 *(.gnu.hash)
 .gnu.hash      0x00000000000003a0       0x24 /usr/lib/gcc/x86_64-linux-gnu/9/../../../x86_64-linux-gnu/Scrt1.o

.dynsym         0x00000000000003c8      0x378
 *(.dynsym)
 .dynsym        0x00000000000003c8      0x378 /usr/lib/gcc/x86_64-linux-gnu/9/../../../x86_64-linux-gnu/Scrt1.o

.dynstr         0x0000000000000740      0x1d8
 *(.dynstr)
 .dynstr        0x0000000000000740      0x1d8 /usr/lib/gcc/x86_64-linux-gnu/9/../../../x86_64-linux-gnu/Scrt1.o

.gnu.version    0x0000000000000918       0x4a
 *(.gnu.version)
 .gnu.version   0x0000000000000918       0x4a /usr/lib/gcc/x86_64-linux-gnu/9/../../../x86_64-linux-gnu/Scrt1.o

.gnu.version_d  0x0000000000000968        0x0
 *(.gnu.version_d)
 .gnu.version_d
                0x0000000000000968        0x0 /usr/lib/gcc/x86_64-linux-gnu/9/../../../x86_64-linux-gnu/Scrt1.o

.gnu.version_r  0x0000000000000968       0x90
 *(.gnu.version_r)
 .gnu.version_r
                0x0000000000000968       0x90 /usr/lib/gcc/x86_64-linux-gnu/9/../../../x86_64-linux-gnu/Scrt1.o

.rela.dyn       0x00000000000009f8      0x168
 *(.rela.init)
 *(.rela.text .rela.text.* .rela.gnu.linkonce.t.*)
 .rela.text     0x00000000000009f8        0x0 /usr/lib/gcc/x86_64-linux-gnu/9/../../../x86_64-linux-gnu/Scrt1.o
 .rela.text.startup
                0x00000000000009f8        0x0 /usr/lib/gcc/x86_64-linux-gnu/9/../../../x86_64-linux-gnu/Scrt1.o
 *(.rela.fini)
 *(.rela.rodata .rela.rodata.* .rela.gnu.linkonce.r.*)
 *(.rela.data .rela.data.* .rela.gnu.linkonce.d.*)
 .rela.data.rel.ro
                0x00000000000009f8        0x0 /usr/lib/gcc/x86_64-linux-gnu/9/../../../x86_64-linux-gnu/Scrt1.o
 .rela.data.rel.local
                0x00000000000009f8       0x30 /usr/lib/gcc/x86_64-linux-gnu/9/../../../x86_64-linux-gnu/Scrt1.o
 .rela.data.rel
                0x0000000000000a28       0x48 /usr/lib/gcc/x86_64-linux-gnu/9/../../../x86_64-linux-gnu/Scrt1.o
 *(.rela.tdata .rela.tdata.* .rela.gnu.linkonce.td.*)
 *(.rela.tbss .rela.tbss.* .rela.gnu.linkonce.tb.*)
 *(.rela.ctors)
 *(.rela.dtors)
 *(.rela.got)
 .rela.got      0x0000000000000a70       0xc0 /usr/lib/gcc/x86_64-linux-gnu/9/../../../x86_64-linux-gnu/Scrt1.o
 *(.rela.bss .rela.bss.* .rela.gnu.linkonce.b.*)
 .rela.bss      0x0000000000000b30        0x0 /usr/lib/gcc/x86_64-linux-gnu/9/../../../x86_64-linux-gnu/Scrt1.o
 *(.rela.ldata .rela.ldata.* .rela.gnu.linkonce.l.*)
 *(.rela.lbss .rela.lbss.* .rela.gnu.linkonce.lb.*)
 *(.rela.lrodata .rela.lrodata.* .rela.gnu.linkonce.lr.*)
 *(.rela.ifunc)
 .rela.ifunc    0x0000000000000b30        0x0 /usr/lib/gcc/x86_64-linux-gnu/9/../../../x86_64-linux-gnu/Scrt1.o
 .rela.fini_array
                0x0000000000000b30       0x18 /usr/lib/gcc/x86_64-linux-gnu/9/../../../x86_64-linux-gnu/Scrt1.o
 .rela.init_array
                0x0000000000000b48       0x18 /usr/lib/gcc/x86_64-linux-gnu/9/../../../x86_64-linux-gnu/Scrt1.o

.rela.plt       0x0000000000000b60      0x2a0
 *(.rela.plt)
 .rela.plt      0x0000000000000b60      0x2a0 /usr/lib/gcc/x86_64-linux-gnu/9/../../../x86_64-linux-gnu/Scrt1.o
 *(.rela.iplt)
                0x0000000000001000                . = ALIGN (CONSTANT (MAXPAGESIZE))

.init           0x0000000000001000       0x1b
 *(SORT_NONE(.init))
 .init          0x0000000000001000       0x16 /usr/lib/gcc/x86_64-linux-gnu/9/../../../x86_64-linux-gnu/crti.o
                0x0000000000001000                _init
 .init          0x0000000000001016        0x5 /usr/lib/gcc/x86_64-linux-gnu/9/../../../x86_64-linux-gnu/crtn.o

.plt            0x0000000000001020      0x1d0
 *(.plt)
 .plt           0x0000000000001020      0x1d0 /usr/lib/gcc/x86_64-linux-gnu/9/../../../x86_64-linux-gnu/Scrt1.o
 *(.iplt)

.plt.got        0x00000000000011f0       0x10
 *(.plt.got)
 .plt.got       0x00000000000011f0       0x10 /usr/lib/gcc/x86_64-linux-gnu/9/../../../x86_64-linux-gnu/Scrt1.o
                0x00000000000011f0                __cxa_finalize@@GLIBC_2.2.5

.plt.sec        0x0000000000001200      0x1c0
 *(.plt.sec)
 .plt.sec       0x0000000000001200      0x1c0 /usr/lib/gcc/x86_64-linux-gnu/9/../../../x86_64-linux-gnu/Scrt1.o
                0x0000000000001200                pthread_create@@GLIBC_2.2.5
                0x0000000000001210                puts@@GLIBC_2.2.5
                0x0000000000001220                strtod@@GLIBC_2.2.5
                0x0000000000001230                setsockopt@@GLIBC_2.2.5
                0x0000000000001240                inet_ntoa@@GLIBC_2.2.5
                0x0000000000001250                fclose@@GLIBC_2.2.5
                0x0000000000001260                strlen@@GLIBC_2.2.5
                0x0000000000001270                __stack_chk_fail@@GLIBC_2.4
                0x0000000000001280                send@@GLIBC_2.2.5
                0x0000000000001290                memset@@GLIBC_2.2.5
                0x00000000000012a0                sendto@@GLIBC_2.2.5
                0x00000000000012b0                fgetc@@GLIBC_2.2.5
                0x00000000000012c0                fputc@@GLIBC_2.2.5
                0x00000000000012d0                read@@GLIBC_2.2.5
                0x00000000000012e0                strcmp@@GLIBC_2.2.5
                0x00000000000012f0                memcpy@@GLIBC_2.14
                0x0000000000001300                __isoc99_sscanf@@GLIBC_2.7
                0x0000000000001310                listen@@GLIBC_2.2.5
                0x0000000000001320                __strncpy_chk@@GLIBC_2.3.4
                0x0000000000001330                __printf_chk@@GLIBC_2.3.4
                0x0000000000001340                bind@@GLIBC_2.2.5
                0x0000000000001350                fopen@@GLIBC_2.2.5
                0x0000000000001360                pthread_join@@GLIBC_2.2.5
                0x0000000000001370                accept@@GLIBC_2.2.5
                0x0000000000001380                __ctype_tolower_loc@@GLIBC_2.3
                0x0000000000001390                usleep@@GLIBC_2.2.5
                0x00000000000013a0                __sprintf_chk@@GLIBC_2.3.4
                0x00000000000013b0                socket@@GLIBC_2.2.5

.text           0x00000000000013c0     0x8025
 *(.text.unlikely .text.*_unlikely .text.unlikely.*)
 *(.text.exit .text.exit.*)
 *(.text.startup .text.startup.*)
 .text.startup  0x00000000000013c0       0x59 build_app/main.o
                0x00000000000013c0                main
 *(.text.hot .text.hot.*)
 *(SORT_BY_NAME(.text.sorted.*))
 *(.text .stub .text.* .gnu.linkonce.t.*)
 *fill*         0x0000000000001419        0x7 
 .text          0x0000000000001420       0x2f /usr/lib/gcc/x86_64-linux-gnu/9/../../../x86_64-linux-gnu/Scrt1.o
                0x0000000000001420                _start
 .text          0x000000000000144f        0x0 /usr/lib/gcc/x86_64-linux-gnu/9/../../../x86_64-linux-gnu/crti.o
 *fill*         0x000000000000144f        0x1 
 .text          0x0000000000001450       0xb9 /usr/lib/gcc/x86_64-linux-gnu/9/crtbeginS.o
 *fill*         0x0000000000001509        0x7 
 .text          0x0000000000001510     0x12dc build_app/aes.o
                0x00000000000022d0                AES_init_ctx
                0x00000000000022e0                AES_init_ctx_iv
                0x0000000000002310                AES_ctx_set_iv
                0x0000000000002320                AES_ECB_encrypt
                0x0000000000002340                AES_ECB_decrypt
                0x0000000000002360                AES_CBC_encrypt_buffer
                0x0000000000002450                AES_CBC_decrypt_buffer
                0x0000000000002550                AES_CTR_xcrypt_buffer
 *fill*         0x00000000000027ec        0x4 
 .text          0x00000000000027f0      0x2a8 build_app/aes_cbc128.o
                0x00000000000027f0                add_padding_PKCS7
                0x0000000000002820                remove_padding_PKCS7
                0x00000000000028a0                aes_cbc128_init
                0x0000000000002910                aes_cbc128_encrypt
                0x00000000000029b0                aes_cbc128_decrypt
 *fill*         0x0000000000002a98        0x8 
 .text          0x0000000000002aa0      0x8f3 build_app/base64.o
                0x0000000000002aa0                b64_int
                0x0000000000002b10                b64e_size
                0x0000000000002c10                b64d_size
                0x0000000000002c20                b64_encode
                0x0000000000002e00                b64_decode
                0x0000000000002f80                b64_encodef
                0x00000000000031a0                b64_decodef
 *fill*         0x0000000000003393        0xd 
 .text          0x00000000000033a0     0x544a build_app/cJSON.o
                0x0000000000004470                cJSON_GetErrorPtr
                0x0000000000004490                cJSON_GetStringValue
                0x00000000000044b0                cJSON_GetNumberValue
                0x00000000000044e0                cJSON_Version
                0x0000000000004530                cJSON_InitHooks
                0x0000000000004620                cJSON_Delete
                0x0000000000004e20                cJSON_SetNumberHelper
                0x0000000000004e70                cJSON_SetValuestring
                0x0000000000004f30                cJSON_ParseWithOpts
                0x00000000000051b0                cJSON_ParseWithLengthOpts
                0x0000000000005430                cJSON_Parse
                0x0000000000005600                cJSON_ParseWithLength
                0x00000000000057c0                cJSON_Print
                0x0000000000005920                cJSON_PrintUnformatted
                0x0000000000005a80                cJSON_PrintBuffered
                0x0000000000005b60                cJSON_PrintPreallocated
                0x0000000000005c10                cJSON_GetArraySize
                0x0000000000005c40                cJSON_GetArrayItem
                0x0000000000005c80                cJSON_GetObjectItem
                0x0000000000005c90                cJSON_GetObjectItemCaseSensitive
                0x0000000000005d10                cJSON_HasObjectItem
                0x0000000000005d30                cJSON_AddItemToArray
                0x0000000000005dc0                cJSON_AddItemToObject
                0x0000000000005ee0                cJSON_AddItemToObjectCS
                0x0000000000005fd0                cJSON_AddItemReferenceToArray
                0x00000000000060e0                cJSON_AddItemReferenceToObject
                0x0000000000006250                cJSON_AddNullToObject
                0x0000000000006390                cJSON_AddTrueToObject
                0x00000000000064d0                cJSON_AddFalseToObject
                0x0000000000006610                cJSON_AddBoolToObject
                0x0000000000006760                cJSON_AddNumberToObject
                0x0000000000006910                cJSON_AddStringToObject
                0x0000000000006aa0                cJSON_AddRawToObject
                0x0000000000006c30                cJSON_AddObjectToObject
                0x0000000000006d70                cJSON_AddArrayToObject
                0x0000000000006eb0                cJSON_DetachItemViaPointer
                0x0000000000006f30                cJSON_DetachItemFromArray
                0x0000000000006fe0                cJSON_DeleteItemFromArray
                0x0000000000007090                cJSON_DetachItemFromObject
                0x0000000000007110                cJSON_DetachItemFromObjectCaseSensitive
                0x00000000000071e0                cJSON_DeleteItemFromObject
                0x0000000000007260                cJSON_DeleteItemFromObjectCaseSensitive
                0x0000000000007320                cJSON_InsertItemInArray
                0x0000000000007420                cJSON_ReplaceItemViaPointer
                0x00000000000074d0                cJSON_ReplaceItemInArray
                0x00000000000075b0                cJSON_ReplaceItemInObject
                0x0000000000007700                cJSON_ReplaceItemInObjectCaseSensitive
                0x0000000000007860                cJSON_CreateNull
                0x00000000000078a0                cJSON_CreateTrue
                0x00000000000078e0                cJSON_CreateFalse
                0x0000000000007920                cJSON_CreateBool
                0x0000000000007960                cJSON_CreateNumber
                0x00000000000079f0                cJSON_CreateString
                0x0000000000007a90                cJSON_CreateStringReference
                0x0000000000007ad0                cJSON_CreateObjectReference
                0x0000000000007b10                cJSON_CreateArrayReference
                0x0000000000007b50                cJSON_CreateRaw
                0x0000000000007bf0                cJSON_CreateArray
                0x0000000000007c30                cJSON_CreateObject
                0x0000000000007c70                cJSON_CreateIntArray
                0x0000000000007d80                cJSON_CreateFloatArray
                0x0000000000007ef0                cJSON_CreateDoubleArray
                0x0000000000008050                cJSON_CreateStringArray
                0x00000000000081c0                cJSON_Duplicate
                0x0000000000008320                cJSON_Minify
                0x0000000000008490                cJSON_IsInvalid
                0x00000000000084b0                cJSON_IsFalse
                0x00000000000084d0                cJSON_IsTrue
                0x00000000000084f0                cJSON_IsBool
                0x0000000000008510                cJSON_IsNull
                0x0000000000008530                cJSON_IsNumber
                0x0000000000008550                cJSON_IsString
                0x0000000000008570                cJSON_IsArray
                0x0000000000008590                cJSON_IsObject
                0x00000000000085b0                cJSON_IsRaw
                0x00000000000085d0                cJSON_Compare
                0x00000000000087d0                cJSON_malloc
                0x00000000000087e0                cJSON_free
 *fill*         0x00000000000087ea        0x6 
 .text          0x00000000000087f0      0x1af build_app/udp_broadcast.o
                0x00000000000087f0                udp_send_data
                0x0000000000008860                set_request_send_udp
                0x0000000000008870                clear_request_send_udp
                0x0000000000008880                udp_thread
 *fill*         0x000000000000899f        0x1 
 .text          0x00000000000089a0      0x9cd build_app/tcp_server.o
                0x0000000000009060                tcp_thread
 .text          0x000000000000936d        0x0 build_app/main.o
 *fill*         0x000000000000936d        0x3 
 .text          0x0000000000009370       0x75 /usr/lib/x86_64-linux-gnu/libc_nonshared.a(elf-init.oS)
                0x0000000000009370                __libc_csu_init
                0x00000000000093e0                __libc_csu_fini
 .text          0x00000000000093e5        0x0 /usr/lib/gcc/x86_64-linux-gnu/9/crtendS.o
 .text          0x00000000000093e5        0x0 /usr/lib/gcc/x86_64-linux-gnu/9/../../../x86_64-linux-gnu/crtn.o
 *(.gnu.warning)

.fini           0x00000000000093e8        0xd
 *(SORT_NONE(.fini))
 .fini          0x00000000000093e8        0x8 /usr/lib/gcc/x86_64-linux-gnu/9/../../../x86_64-linux-gnu/crti.o
                0x00000000000093e8                _fini
 .fini          0x00000000000093f0        0x5 /usr/lib/gcc/x86_64-linux-gnu/9/../../../x86_64-linux-gnu/crtn.o
                [!provide]                        PROVIDE (__etext = .)
                [!provide]                        PROVIDE (_etext = .)
                [!provide]                        PROVIDE (etext = .)
                0x000000000000a000                . = ALIGN (CONSTANT (MAXPAGESIZE))
                0x000000000000a000                . = SEGMENT_START ("rodata-segment", (ALIGN (CONSTANT (MAXPAGESIZE)) + (. & (CONSTANT (MAXPAGESIZE) - 0x1))))

.rodata         0x000000000000a000      0x920
 *(.rodata .rodata.* .gnu.linkonce.r.*)
 .rodata.cst4   0x000000000000a000        0x4 /usr/lib/gcc/x86_64-linux-gnu/9/../../../x86_64-linux-gnu/Scrt1.o
                0x000000000000a000                _IO_stdin_used
 *fill*         0x000000000000a004       0x1c 
 .rodata        0x000000000000a020      0x220 build_app/aes.o
 .rodata.str1.1
                0x000000000000a240        0x6 build_app/base64.o
 *fill*         0x000000000000a246        0xa 
 .rodata.cst16  0x000000000000a250       0x30 build_app/base64.o
 .rodata.str1.1
                0x000000000000a280       0x31 build_app/cJSON.o
 *fill*         0x000000000000a2b1        0x3 
 .rodata        0x000000000000a2b4      0x368 build_app/cJSON.o
 *fill*         0x000000000000a61c        0x4 
 .rodata.cst16  0x000000000000a620       0x20 build_app/cJSON.o
 .rodata.cst8   0x000000000000a640       0x28 build_app/cJSON.o
 .rodata.cst4   0x000000000000a668        0x4 build_app/cJSON.o
 .rodata.str1.1
                0x000000000000a66c       0x6b build_app/udp_broadcast.o
 *fill*         0x000000000000a6d7        0x1 
 .rodata.str1.8
                0x000000000000a6d8       0x21 build_app/udp_broadcast.o
 .rodata.str1.1
                0x000000000000a6f9      0x191 build_app/tcp_server.o
                                        0x1ce (size before relaxing)
 *fill*         0x000000000000a88a        0x6 
 .rodata.str1.8
                0x000000000000a890       0x50 build_app/tcp_server.o
 .rodata.cst16  0x000000000000a8e0       0x40 build_app/tcp_server.o

.rodata1
 *(.rodata1)

.eh_frame_hdr   0x000000000000a920      0x3dc
 *(.eh_frame_hdr)
 .eh_frame_hdr  0x000000000000a920      0x3dc /usr/lib/gcc/x86_64-linux-gnu/9/../../../x86_64-linux-gnu/Scrt1.o
                0x000000000000a920                __GNU_EH_FRAME_HDR
 *(.eh_frame_entry .eh_frame_entry.*)

.eh_frame       0x000000000000ad00     0x1590
 *(.eh_frame)
 .eh_frame      0x000000000000ad00       0x30 /usr/lib/gcc/x86_64-linux-gnu/9/../../../x86_64-linux-gnu/Scrt1.o
                                         0x2c (size before relaxing)
 *fill*         0x000000000000ad30        0x0 
 .eh_frame      0x000000000000ad30       0x28 /usr/lib/gcc/x86_64-linux-gnu/9/../../../x86_64-linux-gnu/Scrt1.o
                                         0x40 (size before relaxing)
 .eh_frame      0x000000000000ad58       0x18 /usr/lib/gcc/x86_64-linux-gnu/9/../../../x86_64-linux-gnu/Scrt1.o
                                         0x30 (size before relaxing)
 .eh_frame      0x000000000000ad70       0x18 /usr/lib/gcc/x86_64-linux-gnu/9/../../../x86_64-linux-gnu/Scrt1.o
                                         0x30 (size before relaxing)
 .eh_frame      0x000000000000ad88      0x1d0 build_app/aes.o
                                        0x1e8 (size before relaxing)
 .eh_frame      0x000000000000af58       0xc8 build_app/aes_cbc128.o
                                         0xe0 (size before relaxing)
 .eh_frame      0x000000000000b020      0x118 build_app/base64.o
                                        0x130 (size before relaxing)
 .eh_frame      0x000000000000b138      0xf98 build_app/cJSON.o
                                        0xfb0 (size before relaxing)
 .eh_frame      0x000000000000c0d0       0x70 build_app/udp_broadcast.o
                                         0x88 (size before relaxing)
 .eh_frame      0x000000000000c140       0xd8 build_app/tcp_server.o
                                         0xf0 (size before relaxing)
 .eh_frame      0x000000000000c218       0x18 build_app/main.o
                                         0x30 (size before relaxing)
 .eh_frame      0x000000000000c230       0x5c /usr/lib/x86_64-linux-gnu/libc_nonshared.a(elf-init.oS)
                                         0x78 (size before relaxing)
 .eh_frame      0x000000000000c28c        0x4 /usr/lib/gcc/x86_64-linux-gnu/9/crtendS.o
 *(.eh_frame.*)

.gcc_except_table
 *(.gcc_except_table .gcc_except_table.*)

.gnu_extab
 *(.gnu_extab*)

.exception_ranges
 *(.exception_ranges*)
                0x000000000000dcb8                . = DATA_SEGMENT_ALIGN (CONSTANT (MAXPAGESIZE), CONSTANT (COMMONPAGESIZE))

.eh_frame
 *(.eh_frame)
 *(.eh_frame.*)

.gnu_extab
 *(.gnu_extab)

.gcc_except_table
 *(.gcc_except_table .gcc_except_table.*)

.exception_ranges
 *(.exception_ranges*)

.tdata          0x000000000000dcb8        0x0
                [!provide]                        PROVIDE (__tdata_start = .)
 *(.tdata .tdata.* .gnu.linkonce.td.*)

.tbss
 *(.tbss .tbss.* .gnu.linkonce.tb.*)
 *(.tcommon)

.preinit_array  0x000000000000dcb8        0x0
                [!provide]                        PROVIDE (__preinit_array_start = .)
 *(.preinit_array)
                [!provide]                        PROVIDE (__preinit_array_end = .)

.init_array     0x000000000000dcb8        0x8
                0x000000000000dcb8                PROVIDE (__init_array_start = .)
 *(SORT_BY_INIT_PRIORITY(.init_array.*) SORT_BY_INIT_PRIORITY(.ctors.*))
 *(.init_array EXCLUDE_FILE(*crtend?.o *crtend.o *crtbegin?.o *crtbegin.o) .ctors)
 .init_array    0x000000000000dcb8        0x8 /usr/lib/gcc/x86_64-linux-gnu/9/crtbeginS.o
                0x000000000000dcc0                PROVIDE (__init_array_end = .)

.fini_array     0x000000000000dcc0        0x8
                [!provide]                        PROVIDE (__fini_array_start = .)
 *(SORT_BY_INIT_PRIORITY(.fini_array.*) SORT_BY_INIT_PRIORITY(.dtors.*))
 *(.fini_array EXCLUDE_FILE(*crtend?.o *crtend.o *crtbegin?.o *crtbegin.o) .dtors)
 .fini_array    0x000000000000dcc0        0x8 /usr/lib/gcc/x86_64-linux-gnu/9/crtbeginS.o
                [!provide]                        PROVIDE (__fini_array_end = .)

.ctors
 *crtbegin.o(.ctors)
 *crtbegin?.o(.ctors)
 *(EXCLUDE_FILE(*crtend?.o *crtend.o) .ctors)
 *(SORT_BY_NAME(.ctors.*))
 *(.ctors)

.dtors
 *crtbegin.o(.dtors)
 *crtbegin?.o(.dtors)
 *(EXCLUDE_FILE(*crtend?.o *crtend.o) .dtors)
 *(SORT_BY_NAME(.dtors.*))
 *(.dtors)

.jcr
 *(.jcr)

.data.rel.ro    0x000000000000dcc8        0x0
 *(.data.rel.ro.local* .gnu.linkonce.d.rel.ro.local.*)
 *(.data.rel.ro .data.rel.ro.* .gnu.linkonce.d.rel.ro.*)
 .data.rel.ro   0x000000000000dcc8        0x0 /usr/lib/gcc/x86_64-linux-gnu/9/../../../x86_64-linux-gnu/Scrt1.o

.dynamic        0x000000000000dcc8      0x200
 *(.dynamic)
 .dynamic       0x000000000000dcc8      0x200 /usr/lib/gcc/x86_64-linux-gnu/9/../../../x86_64-linux-gnu/Scrt1.o
                0x000000000000dcc8                _DYNAMIC

.got            0x000000000000dec8      0x138
 *(.got.plt)
 .got.plt       0x000000000000dec8       0xf8 /usr/lib/gcc/x86_64-linux-gnu/9/../../../x86_64-linux-gnu/Scrt1.o
                0x000000000000dec8                _GLOBAL_OFFSET_TABLE_
 *(.igot.plt)
 *(.got)
 .got           0x000000000000dfc0       0x40 /usr/lib/gcc/x86_64-linux-gnu/9/../../../x86_64-linux-gnu/Scrt1.o
 *(.igot)
                0x000000000000e000                . = DATA_SEGMENT_RELRO_END (., 0x0)

.data           0x000000000000e000       0x9c
 *(.data .data.* .gnu.linkonce.d.*)
 .data          0x000000000000e000        0x4 /usr/lib/gcc/x86_64-linux-gnu/9/../../../x86_64-linux-gnu/Scrt1.o
                0x000000000000e000                data_start
                0x000000000000e000                __data_start
 .data          0x000000000000e004        0x0 /usr/lib/gcc/x86_64-linux-gnu/9/../../../x86_64-linux-gnu/crti.o
 .data          0x000000000000e004        0x0 /usr/lib/gcc/x86_64-linux-gnu/9/crtbeginS.o
 *fill*         0x000000000000e004        0x4 
 .data.rel.local
                0x000000000000e008        0x8 /usr/lib/gcc/x86_64-linux-gnu/9/crtbeginS.o
                0x000000000000e008                __dso_handle
 .data          0x000000000000e010        0x0 build_app/aes.o
 .data          0x000000000000e010        0x0 build_app/aes_cbc128.o
 *fill*         0x000000000000e010       0x10 
 .data          0x000000000000e020       0x41 build_app/base64.o
                0x000000000000e020                b64_chr
 .data          0x000000000000e061        0x0 build_app/cJSON.o
 *fill*         0x000000000000e061        0xf 
 .data.rel      0x000000000000e070       0x18 build_app/cJSON.o
 .data          0x000000000000e088        0x8 build_app/udp_broadcast.o
 .data.rel.local
                0x000000000000e090        0x8 build_app/udp_broadcast.o
                0x000000000000e090                cmd_udp
 .data          0x000000000000e098        0x4 build_app/tcp_server.o
 .data          0x000000000000e09c        0x0 build_app/main.o
 .data          0x000000000000e09c        0x0 /usr/lib/x86_64-linux-gnu/libc_nonshared.a(elf-init.oS)
 .data          0x000000000000e09c        0x0 /usr/lib/gcc/x86_64-linux-gnu/9/crtendS.o
 .data          0x000000000000e09c        0x0 /usr/lib/gcc/x86_64-linux-gnu/9/../../../x86_64-linux-gnu/crtn.o

.tm_clone_table
                0x000000000000e0a0        0x0
 .tm_clone_table
                0x000000000000e0a0        0x0 /usr/lib/gcc/x86_64-linux-gnu/9/crtbeginS.o
 .tm_clone_table
                0x000000000000e0a0        0x0 /usr/lib/gcc/x86_64-linux-gnu/9/crtendS.o

.data1
 *(.data1)
                0x000000000000e09c                _edata = .
                [!provide]                        PROVIDE (edata = .)
                0x000000000000e0a0                . = .
                0x000000000000e09c                __bss_start = .

.bss            0x000000000000e0a0     0x14b0
 *(.dynbss)
 .dynbss        0x000000000000e0a0        0x0 /usr/lib/gcc/x86_64-linux-gnu/9/../../../x86_64-linux-gnu/Scrt1.o
 *(.bss .bss.* .gnu.linkonce.b.*)
 .bss           0x000000000000e0a0        0x0 /usr/lib/gcc/x86_64-linux-gnu/9/../../../x86_64-linux-gnu/Scrt1.o
 .bss           0x000000000000e0a0        0x0 /usr/lib/gcc/x86_64-linux-gnu/9/../../../x86_64-linux-gnu/crti.o
 .bss           0x000000000000e0a0        0x1 /usr/lib/gcc/x86_64-linux-gnu/9/crtbeginS.o
 .bss           0x000000000000e0a1        0x0 build_app/aes.o
 .bss           0x000000000000e0a1        0x0 build_app/aes_cbc128.o
 .bss           0x000000000000e0a1        0x0 build_app/base64.o
 *fill*         0x000000000000e0a1        0xf 
 .bss           0x000000000000e0b0       0x20 build_app/cJSON.o
 *fill*         0x000000000000e0d0       0x10 
 .bss           0x000000000000e0e0      0x400 build_app/udp_broadcast.o
 .bss           0x000000000000e4e0      0xf80 build_app/tcp_server.o
 .bss           0x000000000000f460        0x0 build_app/main.o
 .bss           0x000000000000f460        0x0 /usr/lib/x86_64-linux-gnu/libc_nonshared.a(elf-init.oS)
 .bss           0x000000000000f460        0x0 /usr/lib/gcc/x86_64-linux-gnu/9/crtendS.o
 .bss           0x000000000000f460        0x0 /usr/lib/gcc/x86_64-linux-gnu/9/../../../x86_64-linux-gnu/crtn.o
 *(COMMON)
 COMMON         0x000000000000f460       0xe0 build_app/aes_cbc128.o
                0x000000000000f460                aes_error_code_t
                0x000000000000f480                m_ctx
 COMMON         0x000000000000f540       0x10 build_app/main.o
                0x000000000000f540                udp_thread_obj
                0x000000000000f548                tcp_thread_obj
                0x000000000000f550                . = ALIGN ((. != 0x0)?0x8:0x1)

.lbss
 *(.dynlbss)
 *(.lbss .lbss.* .gnu.linkonce.lb.*)
 *(LARGE_COMMON)
                0x000000000000f550                . = ALIGN (0x8)
                0x000000000000f550                . = SEGMENT_START ("ldata-segment", .)

.lrodata
 *(.lrodata .lrodata.* .gnu.linkonce.lr.*)

.ldata          0x0000000000011550        0x0
 *(.ldata .ldata.* .gnu.linkonce.l.*)
                0x0000000000011550                . = ALIGN ((. != 0x0)?0x8:0x1)
                0x0000000000011550                . = ALIGN (0x8)
                0x000000000000f550                _end = .
                [!provide]                        PROVIDE (end = .)
                0x0000000000011550                . = DATA_SEGMENT_END (.)

.stab
 *(.stab)

.stabstr
 *(.stabstr)

.stab.excl
 *(.stab.excl)

.stab.exclstr
 *(.stab.exclstr)

.stab.index
 *(.stab.index)

.stab.indexstr
 *(.stab.indexstr)

.comment        0x0000000000000000       0x2a
 *(.comment)
 .comment       0x0000000000000000       0x2a /usr/lib/gcc/x86_64-linux-gnu/9/crtbeginS.o
                                         0x2b (size before relaxing)
 .comment       0x000000000000002a       0x2b build_app/aes.o
 .comment       0x000000000000002a       0x2b build_app/aes_cbc128.o
 .comment       0x000000000000002a       0x2b build_app/base64.o
 .comment       0x000000000000002a       0x2b build_app/cJSON.o
 .comment       0x000000000000002a       0x2b build_app/udp_broadcast.o
 .comment       0x000000000000002a       0x2b build_app/tcp_server.o
 .comment       0x000000000000002a       0x2b build_app/main.o
 .comment       0x000000000000002a       0x2b /usr/lib/gcc/x86_64-linux-gnu/9/crtendS.o

.gnu.build.attributes
 *(.gnu.build.attributes .gnu.build.attributes.*)

.debug
 *(.debug)

.line
 *(.line)

.debug_srcinfo
 *(.debug_srcinfo)

.debug_sfnames
 *(.debug_sfnames)

.debug_aranges  0x0000000000000000      0x150
 *(.debug_aranges)
 .debug_aranges
                0x0000000000000000       0x30 build_app/aes.o
 .debug_aranges
                0x0000000000000030       0x30 build_app/aes_cbc128.o
 .debug_aranges
                0x0000000000000060       0x30 build_app/base64.o
 .debug_aranges
                0x0000000000000090       0x30 build_app/cJSON.o
 .debug_aranges
                0x00000000000000c0       0x30 build_app/udp_broadcast.o
 .debug_aranges
                0x00000000000000f0       0x30 build_app/tcp_server.o
 .debug_aranges
                0x0000000000000120       0x30 build_app/main.o

.debug_pubnames
 *(.debug_pubnames)

.debug_info     0x0000000000000000     0xfb77
 *(.debug_info .gnu.linkonce.wi.*)
 .debug_info    0x0000000000000000     0x10b2 build_app/aes.o
 .debug_info    0x00000000000010b2      0xa72 build_app/aes_cbc128.o
 .debug_info    0x0000000000001b24      0xaab build_app/base64.o
 .debug_info    0x00000000000025cf     0xa216 build_app/cJSON.o
 .debug_info    0x000000000000c7e5      0xb0e build_app/udp_broadcast.o
 .debug_info    0x000000000000d2f3     0x23c8 build_app/tcp_server.o
 .debug_info    0x000000000000f6bb      0x4bc build_app/main.o

.debug_abbrev   0x0000000000000000     0x16bf
 *(.debug_abbrev)
 .debug_abbrev  0x0000000000000000      0x3e1 build_app/aes.o
 .debug_abbrev  0x00000000000003e1      0x287 build_app/aes_cbc128.o
 .debug_abbrev  0x0000000000000668      0x230 build_app/base64.o
 .debug_abbrev  0x0000000000000898      0x63c build_app/cJSON.o
 .debug_abbrev  0x0000000000000ed4      0x2d2 build_app/udp_broadcast.o
 .debug_abbrev  0x00000000000011a6      0x3d0 build_app/tcp_server.o
 .debug_abbrev  0x0000000000001576      0x149 build_app/main.o

.debug_line     0x0000000000000000     0x9736
 *(.debug_line .debug_line.* .debug_line_end)
 .debug_line    0x0000000000000000     0x1824 build_app/aes.o
 .debug_line    0x0000000000001824      0x3da build_app/aes_cbc128.o
 .debug_line    0x0000000000001bfe      0x786 build_app/base64.o
 .debug_line    0x0000000000002384     0x629a build_app/cJSON.o
 .debug_line    0x000000000000861e      0x3a5 build_app/udp_broadcast.o
 .debug_line    0x00000000000089c3      0xbf3 build_app/tcp_server.o
 .debug_line    0x00000000000095b6      0x180 build_app/main.o

.debug_frame
 *(.debug_frame)

.debug_str      0x0000000000000000     0x1a9f
 *(.debug_str)
 .debug_str     0x0000000000000000      0x269 build_app/aes.o
                                        0x302 (size before relaxing)
 .debug_str     0x0000000000000269      0x2dd build_app/aes_cbc128.o
                                        0x4cb (size before relaxing)
 .debug_str     0x0000000000000546       0x98 build_app/base64.o
                                        0x3a1 (size before relaxing)
 .debug_str     0x00000000000005de      0xd0b build_app/cJSON.o
                                       0x1127 (size before relaxing)
 .debug_str     0x00000000000012e9      0x445 build_app/udp_broadcast.o
                                        0x80d (size before relaxing)
 .debug_str     0x000000000000172e      0x2fe build_app/tcp_server.o
                                        0xa0a (size before relaxing)
 .debug_str     0x0000000000001a2c       0x73 build_app/main.o
                                        0x40e (size before relaxing)

.debug_loc      0x0000000000000000    0x1deb4
 *(.debug_loc)
 .debug_loc     0x0000000000000000     0x2f66 build_app/aes.o
 .debug_loc     0x0000000000002f66     0x1176 build_app/aes_cbc128.o
 .debug_loc     0x00000000000040dc     0x1081 build_app/base64.o
 .debug_loc     0x000000000000515d    0x17042 build_app/cJSON.o
 .debug_loc     0x000000000001c19f      0x283 build_app/udp_broadcast.o
 .debug_loc     0x000000000001c422     0x1a92 build_app/tcp_server.o

.debug_macinfo
 *(.debug_macinfo)

.debug_weaknames
 *(.debug_weaknames)

.debug_funcnames
 *(.debug_funcnames)

.debug_typenames
 *(.debug_typenames)

.debug_varnames
 *(.debug_varnames)

.debug_pubtypes
 *(.debug_pubtypes)

.debug_ranges   0x0000000000000000     0x4d20
 *(.debug_ranges)
 .debug_ranges  0x0000000000000000      0x9b0 build_app/aes.o
 .debug_ranges  0x00000000000009b0      0x190 build_app/aes_cbc128.o
 .debug_ranges  0x0000000000000b40       0xd0 build_app/base64.o
 .debug_ranges  0x0000000000000c10     0x3a70 build_app/cJSON.o
 .debug_ranges  0x0000000000004680      0x100 build_app/udp_broadcast.o
 .debug_ranges  0x0000000000004780      0x580 build_app/tcp_server.o
 .debug_ranges  0x0000000000004d00       0x20 build_app/main.o

.debug_macro
 *(.debug_macro)

.debug_addr
 *(.debug_addr)

.gnu.attributes
 *(.gnu.attributes)

/DISCARD/
 *(.note.GNU-stack)
 *(.gnu_debuglink)
 *(.gnu.lto_*)
OUTPUT(build_app/app elf64-x86-64)
