Archive member included to satisfy reference by file (symbol)

/usr/lib/x86_64-linux-gnu/libc_nonshared.a(elf-init.oS)
                              /usr/lib/gcc/x86_64-linux-gnu/9/../../../x86_64-linux-gnu/Scrt1.o (__libc_csu_init)

Merging program properties


As-needed library included to satisfy reference by file (symbol)

libpthread.so.0               build_gateway_app/main1.o (__errno_location@@GLIBC_2.2.5)
librt.so.1                    build_gateway_app/main1.o (shm_unlink@@GLIBC_2.2.5)
libstdc++.so.6                build_gateway_app/main1.o (std::basic_ostream<char, std::char_traits<char> >& std::endl<char, std::char_traits<char> >(std::basic_ostream<char, std::char_traits<char> >&)@@GLIBCXX_3.4)
libc.so.6                     build_gateway_app/base64.o (fopen@@GLIBC_2.2.5)

Allocating common symbols
Common symbol       size              file

m_ctx               0xc0              build_gateway_app/aes_cbc128.o
aes_error_code_t    0x4               build_gateway_app/aes_cbc128.o

Discarded input sections

 .note.GNU-stack
                0x0000000000000000        0x0 /usr/lib/gcc/x86_64-linux-gnu/9/../../../x86_64-linux-gnu/Scrt1.o
 .note.gnu.property
                0x0000000000000000       0x20 /usr/lib/gcc/x86_64-linux-gnu/9/../../../x86_64-linux-gnu/crti.o
 .note.GNU-stack
                0x0000000000000000        0x0 /usr/lib/gcc/x86_64-linux-gnu/9/../../../x86_64-linux-gnu/crti.o
 .note.GNU-stack
                0x0000000000000000        0x0 /usr/lib/gcc/x86_64-linux-gnu/9/crtbeginS.o
 .note.gnu.property
                0x0000000000000000       0x20 /usr/lib/gcc/x86_64-linux-gnu/9/crtbeginS.o
 .group         0x0000000000000000        0xc build_gateway_app/main1.o
 .note.GNU-stack
                0x0000000000000000        0x0 build_gateway_app/main1.o
 .note.gnu.property
                0x0000000000000000       0x20 build_gateway_app/main1.o
 .note.GNU-stack
                0x0000000000000000        0x0 build_gateway_app/aes.o
 .note.gnu.property
                0x0000000000000000       0x20 build_gateway_app/aes.o
 .note.GNU-stack
                0x0000000000000000        0x0 build_gateway_app/aes_cbc128.o
 .note.gnu.property
                0x0000000000000000       0x20 build_gateway_app/aes_cbc128.o
 .note.GNU-stack
                0x0000000000000000        0x0 build_gateway_app/base64.o
 .note.gnu.property
                0x0000000000000000       0x20 build_gateway_app/base64.o
 .note.GNU-stack
                0x0000000000000000        0x0 build_gateway_app/cJSON.o
 .note.gnu.property
                0x0000000000000000       0x20 build_gateway_app/cJSON.o
 .note.GNU-stack
                0x0000000000000000        0x0 /usr/lib/x86_64-linux-gnu/libc_nonshared.a(elf-init.oS)
 .note.gnu.property
                0x0000000000000000       0x20 /usr/lib/x86_64-linux-gnu/libc_nonshared.a(elf-init.oS)
 .note.GNU-stack
                0x0000000000000000        0x0 /usr/lib/gcc/x86_64-linux-gnu/9/crtendS.o
 .note.gnu.property
                0x0000000000000000       0x20 /usr/lib/gcc/x86_64-linux-gnu/9/crtendS.o
 .note.gnu.property
                0x0000000000000000       0x20 /usr/lib/gcc/x86_64-linux-gnu/9/../../../x86_64-linux-gnu/crtn.o
 .note.GNU-stack
                0x0000000000000000        0x0 /usr/lib/gcc/x86_64-linux-gnu/9/../../../x86_64-linux-gnu/crtn.o

Memory Configuration

Name             Origin             Length             Attributes
*default*        0x0000000000000000 0xffffffffffffffff

Linker script and memory map

LOAD /usr/lib/gcc/x86_64-linux-gnu/9/../../../x86_64-linux-gnu/Scrt1.o
LOAD /usr/lib/gcc/x86_64-linux-gnu/9/../../../x86_64-linux-gnu/crti.o
LOAD /usr/lib/gcc/x86_64-linux-gnu/9/crtbeginS.o
LOAD build_gateway_app/main1.o
LOAD build_gateway_app/aes.o
LOAD build_gateway_app/aes_cbc128.o
LOAD build_gateway_app/base64.o
LOAD build_gateway_app/cJSON.o
LOAD /usr/lib/gcc/x86_64-linux-gnu/9/../../../x86_64-linux-gnu/libpthread.so
LOAD /usr/lib/gcc/x86_64-linux-gnu/9/../../../x86_64-linux-gnu/librt.so
LOAD /usr/lib/gcc/x86_64-linux-gnu/9/../../../x86_64-linux-gnu/libcrypto.so
LOAD /usr/lib/gcc/x86_64-linux-gnu/9/../../../x86_64-linux-gnu/libssl.so
LOAD /usr/local/lib/libpaho-mqtt3as.so
LOAD /usr/local/lib/libpaho-mqttpp3.a
LOAD /usr/lib/gcc/x86_64-linux-gnu/9/libstdc++.so
LOAD /usr/lib/gcc/x86_64-linux-gnu/9/../../../x86_64-linux-gnu/libm.so
START GROUP
LOAD /lib/x86_64-linux-gnu/libm.so.6
LOAD /lib/x86_64-linux-gnu/libmvec.so.1
END GROUP
LOAD /usr/lib/gcc/x86_64-linux-gnu/9/libgcc_s.so
START GROUP
LOAD /usr/lib/gcc/x86_64-linux-gnu/9/../../../x86_64-linux-gnu/libgcc_s.so.1
LOAD /usr/lib/gcc/x86_64-linux-gnu/9/libgcc.a
END GROUP
LOAD /usr/lib/gcc/x86_64-linux-gnu/9/libgcc.a
LOAD /usr/lib/gcc/x86_64-linux-gnu/9/../../../x86_64-linux-gnu/libc.so
START GROUP
LOAD /lib/x86_64-linux-gnu/libc.so.6
LOAD /usr/lib/x86_64-linux-gnu/libc_nonshared.a
LOAD /lib/x86_64-linux-gnu/ld-linux-x86-64.so.2
END GROUP
LOAD /usr/lib/gcc/x86_64-linux-gnu/9/libgcc_s.so
START GROUP
LOAD /usr/lib/gcc/x86_64-linux-gnu/9/../../../x86_64-linux-gnu/libgcc_s.so.1
LOAD /usr/lib/gcc/x86_64-linux-gnu/9/libgcc.a
END GROUP
LOAD /usr/lib/gcc/x86_64-linux-gnu/9/libgcc.a
LOAD /usr/lib/gcc/x86_64-linux-gnu/9/crtendS.o
LOAD /usr/lib/gcc/x86_64-linux-gnu/9/../../../x86_64-linux-gnu/crtn.o
                [!provide]                        PROVIDE (__executable_start = SEGMENT_START ("text-segment", 0x0))
                0x0000000000000318                . = (SEGMENT_START ("text-segment", 0x0) + SIZEOF_HEADERS)

.interp         0x0000000000000318       0x1c
 *(.interp)
 .interp        0x0000000000000318       0x1c /usr/lib/gcc/x86_64-linux-gnu/9/../../../x86_64-linux-gnu/Scrt1.o

.note.gnu.property
                0x0000000000000338       0x20
 .note.gnu.property
                0x0000000000000338       0x20 /usr/lib/gcc/x86_64-linux-gnu/9/../../../x86_64-linux-gnu/Scrt1.o

.note.gnu.build-id
                0x0000000000000358       0x24
 *(.note.gnu.build-id)
 .note.gnu.build-id
                0x0000000000000358       0x24 /usr/lib/gcc/x86_64-linux-gnu/9/../../../x86_64-linux-gnu/Scrt1.o

.note.ABI-tag   0x000000000000037c       0x20
 .note.ABI-tag  0x000000000000037c       0x20 /usr/lib/gcc/x86_64-linux-gnu/9/../../../x86_64-linux-gnu/Scrt1.o

.hash
 *(.hash)

.gnu.hash       0x00000000000003a0       0x30
 *(.gnu.hash)
 .gnu.hash      0x00000000000003a0       0x30 /usr/lib/gcc/x86_64-linux-gnu/9/../../../x86_64-linux-gnu/Scrt1.o

.dynsym         0x00000000000003d0      0x3a8
 *(.dynsym)
 .dynsym        0x00000000000003d0      0x3a8 /usr/lib/gcc/x86_64-linux-gnu/9/../../../x86_64-linux-gnu/Scrt1.o

.dynstr         0x0000000000000778      0x3d7
 *(.dynstr)
 .dynstr        0x0000000000000778      0x3d7 /usr/lib/gcc/x86_64-linux-gnu/9/../../../x86_64-linux-gnu/Scrt1.o

.gnu.version    0x0000000000000b50       0x4e
 *(.gnu.version)
 .gnu.version   0x0000000000000b50       0x4e /usr/lib/gcc/x86_64-linux-gnu/9/../../../x86_64-linux-gnu/Scrt1.o

.gnu.version_d  0x0000000000000ba0        0x0
 *(.gnu.version_d)
 .gnu.version_d
                0x0000000000000ba0        0x0 /usr/lib/gcc/x86_64-linux-gnu/9/../../../x86_64-linux-gnu/Scrt1.o

.gnu.version_r  0x0000000000000ba0       0xf0
 *(.gnu.version_r)
 .gnu.version_r
                0x0000000000000ba0       0xf0 /usr/lib/gcc/x86_64-linux-gnu/9/../../../x86_64-linux-gnu/Scrt1.o

.rela.dyn       0x0000000000000c90      0x1b0
 *(.rela.init)
 *(.rela.text .rela.text.* .rela.gnu.linkonce.t.*)
 .rela.text.startup
                0x0000000000000c90        0x0 /usr/lib/gcc/x86_64-linux-gnu/9/../../../x86_64-linux-gnu/Scrt1.o
 .rela.text     0x0000000000000c90        0x0 /usr/lib/gcc/x86_64-linux-gnu/9/../../../x86_64-linux-gnu/Scrt1.o
 *(.rela.fini)
 *(.rela.rodata .rela.rodata.* .rela.gnu.linkonce.r.*)
 *(.rela.data .rela.data.* .rela.gnu.linkonce.d.*)
 .rela.data.rel.ro
                0x0000000000000c90        0x0 /usr/lib/gcc/x86_64-linux-gnu/9/../../../x86_64-linux-gnu/Scrt1.o
 .rela.data.rel.local
                0x0000000000000c90       0x18 /usr/lib/gcc/x86_64-linux-gnu/9/../../../x86_64-linux-gnu/Scrt1.o
 .rela.data.rel
                0x0000000000000ca8       0x48 /usr/lib/gcc/x86_64-linux-gnu/9/../../../x86_64-linux-gnu/Scrt1.o
 *(.rela.tdata .rela.tdata.* .rela.gnu.linkonce.td.*)
 *(.rela.tbss .rela.tbss.* .rela.gnu.linkonce.tb.*)
 *(.rela.ctors)
 *(.rela.dtors)
 *(.rela.got)
 .rela.got      0x0000000000000cf0       0xf0 /usr/lib/gcc/x86_64-linux-gnu/9/../../../x86_64-linux-gnu/Scrt1.o
 *(.rela.bss .rela.bss.* .rela.gnu.linkonce.b.*)
 .rela.bss      0x0000000000000de0       0x18 /usr/lib/gcc/x86_64-linux-gnu/9/../../../x86_64-linux-gnu/Scrt1.o
 *(.rela.ldata .rela.ldata.* .rela.gnu.linkonce.l.*)
 *(.rela.lbss .rela.lbss.* .rela.gnu.linkonce.lb.*)
 *(.rela.lrodata .rela.lrodata.* .rela.gnu.linkonce.lr.*)
 *(.rela.ifunc)
 .rela.ifunc    0x0000000000000df8        0x0 /usr/lib/gcc/x86_64-linux-gnu/9/../../../x86_64-linux-gnu/Scrt1.o
 .rela.fini_array
                0x0000000000000df8       0x18 /usr/lib/gcc/x86_64-linux-gnu/9/../../../x86_64-linux-gnu/Scrt1.o
 .rela.init_array
                0x0000000000000e10       0x30 /usr/lib/gcc/x86_64-linux-gnu/9/../../../x86_64-linux-gnu/Scrt1.o

.rela.plt       0x0000000000000e40      0x270
 *(.rela.plt)
 .rela.plt      0x0000000000000e40      0x270 /usr/lib/gcc/x86_64-linux-gnu/9/../../../x86_64-linux-gnu/Scrt1.o
 *(.rela.iplt)
                0x0000000000002000                . = ALIGN (CONSTANT (MAXPAGESIZE))

.init           0x0000000000002000       0x1b
 *(SORT_NONE(.init))
 .init          0x0000000000002000       0x16 /usr/lib/gcc/x86_64-linux-gnu/9/../../../x86_64-linux-gnu/crti.o
                0x0000000000002000                _init
 .init          0x0000000000002016        0x5 /usr/lib/gcc/x86_64-linux-gnu/9/../../../x86_64-linux-gnu/crtn.o

.plt            0x0000000000002020      0x1b0
 *(.plt)
 .plt           0x0000000000002020      0x1b0 /usr/lib/gcc/x86_64-linux-gnu/9/../../../x86_64-linux-gnu/Scrt1.o
 *(.iplt)

.plt.got        0x00000000000021d0       0x10
 *(.plt.got)
 .plt.got       0x00000000000021d0       0x10 /usr/lib/gcc/x86_64-linux-gnu/9/../../../x86_64-linux-gnu/Scrt1.o
                0x00000000000021d0                __cxa_finalize@@GLIBC_2.2.5

.plt.sec        0x00000000000021e0      0x1a0
 *(.plt.sec)
 .plt.sec       0x00000000000021e0      0x1a0 /usr/lib/gcc/x86_64-linux-gnu/9/../../../x86_64-linux-gnu/Scrt1.o
                0x00000000000021e0                __errno_location@@GLIBC_2.2.5
                0x00000000000021f0                __ctype_tolower_loc@@GLIBC_2.3
                0x0000000000002200                strerror@@GLIBC_2.2.5
                0x0000000000002210                strlen@@GLIBC_2.2.5
                0x0000000000002220                std::basic_ostream<char, std::char_traits<char> >& std::endl<char, std::char_traits<char> >(std::basic_ostream<char, std::char_traits<char> >&)@@GLIBCXX_3.4
                0x0000000000002230                shm_unlink@@GLIBC_2.2.5
                0x0000000000002240                memset@@GLIBC_2.2.5
                0x0000000000002250                __sprintf_chk@@GLIBC_2.3.4
                0x0000000000002260                std::__throw_logic_error(char const*)@@GLIBCXX_3.4
                0x0000000000002270                open@@GLIBC_2.2.5
                0x0000000000002280                strtod@@GLIBC_2.2.5
                0x0000000000002290                memcpy@@GLIBC_2.14
                0x00000000000022a0                __cxa_atexit@@GLIBC_2.2.5
                0x00000000000022b0                __isoc99_sscanf@@GLIBC_2.7
                0x00000000000022c0                std::basic_ostream<char, std::char_traits<char> >& std::operator<< <std::char_traits<char> >(std::basic_ostream<char, std::char_traits<char> >&, char const*)@@GLIBCXX_3.4
                0x00000000000022d0                fclose@@GLIBC_2.2.5
                0x00000000000022e0                __stack_chk_fail@@GLIBC_2.4
                0x00000000000022f0                std::basic_ostream<char, std::char_traits<char> >& std::__ostream_insert<char, std::char_traits<char> >(std::basic_ostream<char, std::char_traits<char> >&, char const*, long)@@GLIBCXX_3.4.9
                0x0000000000002300                fopen@@GLIBC_2.2.5
                0x0000000000002310                fputc@@GLIBC_2.2.5
                0x0000000000002320                ftruncate@@GLIBC_2.2.5
                0x0000000000002330                strcmp@@GLIBC_2.2.5
                0x0000000000002340                std::ios_base::Init::Init()@@GLIBCXX_3.4
                0x0000000000002350                fgetc@@GLIBC_2.2.5
                0x0000000000002360                mmap@@GLIBC_2.2.5
                0x0000000000002370                std::__cxx11::basic_string<char, std::char_traits<char>, std::allocator<char> >::_M_create(unsigned long&, unsigned long)@@GLIBCXX_3.4.21

.text           0x0000000000002380     0x7745
 *(.text.unlikely .text.*_unlikely .text.unlikely.*)
 *(.text.exit .text.exit.*)
 *(.text.startup .text.startup.*)
 .text.startup  0x0000000000002380      0x22e build_gateway_app/main1.o
                0x0000000000002380                main
 *(.text.hot .text.hot.*)
 *(SORT_BY_NAME(.text.sorted.*))
 *(.text .stub .text.* .gnu.linkonce.t.*)
 *fill*         0x00000000000025ae        0x2 
 .text          0x00000000000025b0       0x2f /usr/lib/gcc/x86_64-linux-gnu/9/../../../x86_64-linux-gnu/Scrt1.o
                0x00000000000025b0                _start
 .text          0x00000000000025df        0x0 /usr/lib/gcc/x86_64-linux-gnu/9/../../../x86_64-linux-gnu/crti.o
 *fill*         0x00000000000025df        0x1 
 .text          0x00000000000025e0       0xb9 /usr/lib/gcc/x86_64-linux-gnu/9/crtbeginS.o
 .text          0x0000000000002699        0x0 build_gateway_app/main1.o
 *fill*         0x0000000000002699        0x7 
 .text._ZNSt7__cxx1112basic_stringIcSt11char_traitsIcESaIcEE12_M_constructIPKcEEvT_S8_St20forward_iterator_tag
                0x00000000000026a0       0xd0 build_gateway_app/main1.o
                0x00000000000026a0                void std::__cxx11::basic_string<char, std::char_traits<char>, std::allocator<char> >::_M_construct<char const*>(char const*, char const*, std::forward_iterator_tag)
 .text          0x0000000000002770     0x12dc build_gateway_app/aes.o
                0x0000000000003530                AES_init_ctx
                0x0000000000003540                AES_init_ctx_iv
                0x0000000000003570                AES_ctx_set_iv
                0x0000000000003580                AES_ECB_encrypt
                0x00000000000035a0                AES_ECB_decrypt
                0x00000000000035c0                AES_CBC_encrypt_buffer
                0x00000000000036b0                AES_CBC_decrypt_buffer
                0x00000000000037b0                AES_CTR_xcrypt_buffer
 *fill*         0x0000000000003a4c        0x4 
 .text          0x0000000000003a50      0x2a8 build_gateway_app/aes_cbc128.o
                0x0000000000003a50                add_padding_PKCS7
                0x0000000000003a80                remove_padding_PKCS7
                0x0000000000003b00                aes_cbc128_init
                0x0000000000003b70                aes_cbc128_encrypt
                0x0000000000003c10                aes_cbc128_decrypt
 *fill*         0x0000000000003cf8        0x8 
 .text          0x0000000000003d00      0x8f3 build_gateway_app/base64.o
                0x0000000000003d00                b64_int
                0x0000000000003d70                b64e_size
                0x0000000000003e70                b64d_size
                0x0000000000003e80                b64_encode
                0x0000000000004060                b64_decode
                0x00000000000041e0                b64_encodef
                0x0000000000004400                b64_decodef
 *fill*         0x00000000000045f3        0xd 
 .text          0x0000000000004600     0x544a build_gateway_app/cJSON.o
                0x00000000000056d0                cJSON_GetErrorPtr
                0x00000000000056f0                cJSON_GetStringValue
                0x0000000000005710                cJSON_GetNumberValue
                0x0000000000005740                cJSON_Version
                0x0000000000005790                cJSON_InitHooks
                0x0000000000005880                cJSON_Delete
                0x0000000000006080                cJSON_SetNumberHelper
                0x00000000000060d0                cJSON_SetValuestring
                0x0000000000006190                cJSON_ParseWithOpts
                0x0000000000006410                cJSON_ParseWithLengthOpts
                0x0000000000006690                cJSON_Parse
                0x0000000000006860                cJSON_ParseWithLength
                0x0000000000006a20                cJSON_Print
                0x0000000000006b80                cJSON_PrintUnformatted
                0x0000000000006ce0                cJSON_PrintBuffered
                0x0000000000006dc0                cJSON_PrintPreallocated
                0x0000000000006e70                cJSON_GetArraySize
                0x0000000000006ea0                cJSON_GetArrayItem
                0x0000000000006ee0                cJSON_GetObjectItem
                0x0000000000006ef0                cJSON_GetObjectItemCaseSensitive
                0x0000000000006f70                cJSON_HasObjectItem
                0x0000000000006f90                cJSON_AddItemToArray
                0x0000000000007020                cJSON_AddItemToObject
                0x0000000000007140                cJSON_AddItemToObjectCS
                0x0000000000007230                cJSON_AddItemReferenceToArray
                0x0000000000007340                cJSON_AddItemReferenceToObject
                0x00000000000074b0                cJSON_AddNullToObject
                0x00000000000075f0                cJSON_AddTrueToObject
                0x0000000000007730                cJSON_AddFalseToObject
                0x0000000000007870                cJSON_AddBoolToObject
                0x00000000000079c0                cJSON_AddNumberToObject
                0x0000000000007b70                cJSON_AddStringToObject
                0x0000000000007d00                cJSON_AddRawToObject
                0x0000000000007e90                cJSON_AddObjectToObject
                0x0000000000007fd0                cJSON_AddArrayToObject
                0x0000000000008110                cJSON_DetachItemViaPointer
                0x0000000000008190                cJSON_DetachItemFromArray
                0x0000000000008240                cJSON_DeleteItemFromArray
                0x00000000000082f0                cJSON_DetachItemFromObject
                0x0000000000008370                cJSON_DetachItemFromObjectCaseSensitive
                0x0000000000008440                cJSON_DeleteItemFromObject
                0x00000000000084c0                cJSON_DeleteItemFromObjectCaseSensitive
                0x0000000000008580                cJSON_InsertItemInArray
                0x0000000000008680                cJSON_ReplaceItemViaPointer
                0x0000000000008730                cJSON_ReplaceItemInArray
                0x0000000000008810                cJSON_ReplaceItemInObject
                0x0000000000008960                cJSON_ReplaceItemInObjectCaseSensitive
                0x0000000000008ac0                cJSON_CreateNull
                0x0000000000008b00                cJSON_CreateTrue
                0x0000000000008b40                cJSON_CreateFalse
                0x0000000000008b80                cJSON_CreateBool
                0x0000000000008bc0                cJSON_CreateNumber
                0x0000000000008c50                cJSON_CreateString
                0x0000000000008cf0                cJSON_CreateStringReference
                0x0000000000008d30                cJSON_CreateObjectReference
                0x0000000000008d70                cJSON_CreateArrayReference
                0x0000000000008db0                cJSON_CreateRaw
                0x0000000000008e50                cJSON_CreateArray
                0x0000000000008e90                cJSON_CreateObject
                0x0000000000008ed0                cJSON_CreateIntArray
                0x0000000000008fe0                cJSON_CreateFloatArray
                0x0000000000009150                cJSON_CreateDoubleArray
                0x00000000000092b0                cJSON_CreateStringArray
                0x0000000000009420                cJSON_Duplicate
                0x0000000000009580                cJSON_Minify
                0x00000000000096f0                cJSON_IsInvalid
                0x0000000000009710                cJSON_IsFalse
                0x0000000000009730                cJSON_IsTrue
                0x0000000000009750                cJSON_IsBool
                0x0000000000009770                cJSON_IsNull
                0x0000000000009790                cJSON_IsNumber
                0x00000000000097b0                cJSON_IsString
                0x00000000000097d0                cJSON_IsArray
                0x00000000000097f0                cJSON_IsObject
                0x0000000000009810                cJSON_IsRaw
                0x0000000000009830                cJSON_Compare
                0x0000000000009a30                cJSON_malloc
                0x0000000000009a40                cJSON_free
 *fill*         0x0000000000009a4a        0x6 
 .text          0x0000000000009a50       0x75 /usr/lib/x86_64-linux-gnu/libc_nonshared.a(elf-init.oS)
                0x0000000000009a50                __libc_csu_init
                0x0000000000009ac0                __libc_csu_fini
 .text          0x0000000000009ac5        0x0 /usr/lib/gcc/x86_64-linux-gnu/9/crtendS.o
 .text          0x0000000000009ac5        0x0 /usr/lib/gcc/x86_64-linux-gnu/9/../../../x86_64-linux-gnu/crtn.o
 *(.gnu.warning)

.fini           0x0000000000009ac8        0xd
 *(SORT_NONE(.fini))
 .fini          0x0000000000009ac8        0x8 /usr/lib/gcc/x86_64-linux-gnu/9/../../../x86_64-linux-gnu/crti.o
                0x0000000000009ac8                _fini
 .fini          0x0000000000009ad0        0x5 /usr/lib/gcc/x86_64-linux-gnu/9/../../../x86_64-linux-gnu/crtn.o
                [!provide]                        PROVIDE (__etext = .)
                [!provide]                        PROVIDE (_etext = .)
                [!provide]                        PROVIDE (etext = .)
                0x000000000000a000                . = ALIGN (CONSTANT (MAXPAGESIZE))
                0x000000000000a000                . = SEGMENT_START ("rodata-segment", (ALIGN (CONSTANT (MAXPAGESIZE)) + (. & (CONSTANT (MAXPAGESIZE) - 0x1))))

.rodata         0x000000000000a000      0x72c
 *(.rodata .rodata.* .gnu.linkonce.r.*)
 .rodata.cst4   0x000000000000a000        0x4 /usr/lib/gcc/x86_64-linux-gnu/9/../../../x86_64-linux-gnu/Scrt1.o
                0x000000000000a000                _IO_stdin_used
 .rodata.str1.1
                0x000000000000a004       0x67 build_gateway_app/main1.o
 *fill*         0x000000000000a06b        0x5 
 .rodata._ZNSt7__cxx1112basic_stringIcSt11char_traitsIcESaIcEE12_M_constructIPKcEEvT_S8_St20forward_iterator_tag.str1.8
                0x000000000000a070       0x2a build_gateway_app/main1.o
 *fill*         0x000000000000a09a        0x6 
 .rodata.str1.8
                0x000000000000a0a0       0x28 build_gateway_app/main1.o
 *fill*         0x000000000000a0c8       0x18 
 .rodata        0x000000000000a0e0      0x220 build_gateway_app/aes.o
 .rodata.str1.1
                0x000000000000a300        0x6 build_gateway_app/base64.o
 *fill*         0x000000000000a306        0xa 
 .rodata.cst16  0x000000000000a310       0x30 build_gateway_app/base64.o
 .rodata.str1.1
                0x000000000000a340       0x31 build_gateway_app/cJSON.o
 *fill*         0x000000000000a371        0x3 
 .rodata        0x000000000000a374      0x368 build_gateway_app/cJSON.o
 *fill*         0x000000000000a6dc        0x4 
 .rodata.cst16  0x000000000000a6e0       0x20 build_gateway_app/cJSON.o
 .rodata.cst8   0x000000000000a700       0x28 build_gateway_app/cJSON.o
 .rodata.cst4   0x000000000000a728        0x4 build_gateway_app/cJSON.o

.rodata1
 *(.rodata1)

.eh_frame_hdr   0x000000000000a72c      0x3ac
 *(.eh_frame_hdr)
 .eh_frame_hdr  0x000000000000a72c      0x3ac /usr/lib/gcc/x86_64-linux-gnu/9/../../../x86_64-linux-gnu/Scrt1.o
                0x000000000000a72c                __GNU_EH_FRAME_HDR
 *(.eh_frame_entry .eh_frame_entry.*)

.eh_frame       0x000000000000aad8     0x14c0
 *(.eh_frame)
 .eh_frame      0x000000000000aad8       0x30 /usr/lib/gcc/x86_64-linux-gnu/9/../../../x86_64-linux-gnu/Scrt1.o
                                         0x2c (size before relaxing)
 *fill*         0x000000000000ab08        0x0 
 .eh_frame      0x000000000000ab08       0x28 /usr/lib/gcc/x86_64-linux-gnu/9/../../../x86_64-linux-gnu/Scrt1.o
                                         0x40 (size before relaxing)
 .eh_frame      0x000000000000ab30       0x18 /usr/lib/gcc/x86_64-linux-gnu/9/../../../x86_64-linux-gnu/Scrt1.o
                                         0x30 (size before relaxing)
 .eh_frame      0x000000000000ab48       0x18 /usr/lib/gcc/x86_64-linux-gnu/9/../../../x86_64-linux-gnu/Scrt1.o
                                         0x30 (size before relaxing)
 .eh_frame      0x000000000000ab60       0x90 build_gateway_app/main1.o
                                         0xa8 (size before relaxing)
 .eh_frame      0x000000000000abf0      0x1d0 build_gateway_app/aes.o
                                        0x1e8 (size before relaxing)
 .eh_frame      0x000000000000adc0       0xc8 build_gateway_app/aes_cbc128.o
                                         0xe0 (size before relaxing)
 .eh_frame      0x000000000000ae88      0x118 build_gateway_app/base64.o
                                        0x130 (size before relaxing)
 .eh_frame      0x000000000000afa0      0xf98 build_gateway_app/cJSON.o
                                        0xfb0 (size before relaxing)
 .eh_frame      0x000000000000bf38       0x5c /usr/lib/x86_64-linux-gnu/libc_nonshared.a(elf-init.oS)
                                         0x78 (size before relaxing)
 .eh_frame      0x000000000000bf94        0x4 /usr/lib/gcc/x86_64-linux-gnu/9/crtendS.o
 *(.eh_frame.*)

.gcc_except_table
 *(.gcc_except_table .gcc_except_table.*)

.gnu_extab
 *(.gnu_extab*)

.exception_ranges
 *(.exception_ranges*)
                0x000000000000dc90                . = DATA_SEGMENT_ALIGN (CONSTANT (MAXPAGESIZE), CONSTANT (COMMONPAGESIZE))

.eh_frame
 *(.eh_frame)
 *(.eh_frame.*)

.gnu_extab
 *(.gnu_extab)

.gcc_except_table
 *(.gcc_except_table .gcc_except_table.*)

.exception_ranges
 *(.exception_ranges*)

.tdata          0x000000000000dc90        0x0
                [!provide]                        PROVIDE (__tdata_start = .)
 *(.tdata .tdata.* .gnu.linkonce.td.*)

.tbss
 *(.tbss .tbss.* .gnu.linkonce.tb.*)
 *(.tcommon)

.preinit_array  0x000000000000dc90        0x0
                [!provide]                        PROVIDE (__preinit_array_start = .)
 *(.preinit_array)
                [!provide]                        PROVIDE (__preinit_array_end = .)

.init_array     0x000000000000dc90       0x10
                0x000000000000dc90                PROVIDE (__init_array_start = .)
 *(SORT_BY_INIT_PRIORITY(.init_array.*) SORT_BY_INIT_PRIORITY(.ctors.*))
 *(.init_array EXCLUDE_FILE(*crtend?.o *crtend.o *crtbegin?.o *crtbegin.o) .ctors)
 .init_array    0x000000000000dc90        0x8 /usr/lib/gcc/x86_64-linux-gnu/9/crtbeginS.o
 .init_array    0x000000000000dc98        0x8 build_gateway_app/main1.o
                0x000000000000dca0                PROVIDE (__init_array_end = .)

.fini_array     0x000000000000dca0        0x8
                [!provide]                        PROVIDE (__fini_array_start = .)
 *(SORT_BY_INIT_PRIORITY(.fini_array.*) SORT_BY_INIT_PRIORITY(.dtors.*))
 *(.fini_array EXCLUDE_FILE(*crtend?.o *crtend.o *crtbegin?.o *crtbegin.o) .dtors)
 .fini_array    0x000000000000dca0        0x8 /usr/lib/gcc/x86_64-linux-gnu/9/crtbeginS.o
                [!provide]                        PROVIDE (__fini_array_end = .)

.ctors
 *crtbegin.o(.ctors)
 *crtbegin?.o(.ctors)
 *(EXCLUDE_FILE(*crtend?.o *crtend.o) .ctors)
 *(SORT_BY_NAME(.ctors.*))
 *(.ctors)

.dtors
 *crtbegin.o(.dtors)
 *crtbegin?.o(.dtors)
 *(EXCLUDE_FILE(*crtend?.o *crtend.o) .dtors)
 *(SORT_BY_NAME(.dtors.*))
 *(.dtors)

.jcr
 *(.jcr)

.data.rel.ro    0x000000000000dca8        0x0
 *(.data.rel.ro.local* .gnu.linkonce.d.rel.ro.local.*)
 *(.data.rel.ro .data.rel.ro.* .gnu.linkonce.d.rel.ro.*)
 .data.rel.ro   0x000000000000dca8        0x0 /usr/lib/gcc/x86_64-linux-gnu/9/../../../x86_64-linux-gnu/Scrt1.o

.dynamic        0x000000000000dca8      0x220
 *(.dynamic)
 .dynamic       0x000000000000dca8      0x220 /usr/lib/gcc/x86_64-linux-gnu/9/../../../x86_64-linux-gnu/Scrt1.o
                0x000000000000dca8                _DYNAMIC

.got            0x000000000000dec8      0x138
 *(.got.plt)
 .got.plt       0x000000000000dec8       0xe8 /usr/lib/gcc/x86_64-linux-gnu/9/../../../x86_64-linux-gnu/Scrt1.o
                0x000000000000dec8                _GLOBAL_OFFSET_TABLE_
 *(.igot.plt)
 *(.got)
 .got           0x000000000000dfb0       0x50 /usr/lib/gcc/x86_64-linux-gnu/9/../../../x86_64-linux-gnu/Scrt1.o
 *(.igot)
                0x000000000000e000                . = DATA_SEGMENT_RELRO_END (., 0x0)

.data           0x000000000000e000       0x88
 *(.data .data.* .gnu.linkonce.d.*)
 .data          0x000000000000e000        0x4 /usr/lib/gcc/x86_64-linux-gnu/9/../../../x86_64-linux-gnu/Scrt1.o
                0x000000000000e000                data_start
                0x000000000000e000                __data_start
 .data          0x000000000000e004        0x0 /usr/lib/gcc/x86_64-linux-gnu/9/../../../x86_64-linux-gnu/crti.o
 .data          0x000000000000e004        0x0 /usr/lib/gcc/x86_64-linux-gnu/9/crtbeginS.o
 *fill*         0x000000000000e004        0x4 
 .data.rel.local
                0x000000000000e008        0x8 /usr/lib/gcc/x86_64-linux-gnu/9/crtbeginS.o
                0x000000000000e008                __dso_handle
 .data          0x000000000000e010        0x0 build_gateway_app/main1.o
 .data          0x000000000000e010        0x0 build_gateway_app/aes.o
 .data          0x000000000000e010        0x0 build_gateway_app/aes_cbc128.o
 *fill*         0x000000000000e010       0x10 
 .data          0x000000000000e020       0x41 build_gateway_app/base64.o
                0x000000000000e020                b64_chr
 .data          0x000000000000e061        0x0 build_gateway_app/cJSON.o
 *fill*         0x000000000000e061        0xf 
 .data.rel      0x000000000000e070       0x18 build_gateway_app/cJSON.o
 .data          0x000000000000e088        0x0 /usr/lib/x86_64-linux-gnu/libc_nonshared.a(elf-init.oS)
 .data          0x000000000000e088        0x0 /usr/lib/gcc/x86_64-linux-gnu/9/crtendS.o
 .data          0x000000000000e088        0x0 /usr/lib/gcc/x86_64-linux-gnu/9/../../../x86_64-linux-gnu/crtn.o

.tm_clone_table
                0x000000000000e088        0x0
 .tm_clone_table
                0x000000000000e088        0x0 /usr/lib/gcc/x86_64-linux-gnu/9/crtbeginS.o
 .tm_clone_table
                0x000000000000e088        0x0 /usr/lib/gcc/x86_64-linux-gnu/9/crtendS.o

.data1
 *(.data1)
                0x000000000000e088                _edata = .
                [!provide]                        PROVIDE (edata = .)
                0x000000000000e088                . = .
                0x000000000000e088                __bss_start = .

.bss            0x000000000000e0c0      0x268
 *(.dynbss)
 .dynbss        0x000000000000e0c0      0x110 /usr/lib/gcc/x86_64-linux-gnu/9/../../../x86_64-linux-gnu/Scrt1.o
                0x000000000000e0c0                std::cout@@GLIBCXX_3.4
 *(.bss .bss.* .gnu.linkonce.b.*)
 .bss           0x000000000000e1d0        0x0 /usr/lib/gcc/x86_64-linux-gnu/9/../../../x86_64-linux-gnu/Scrt1.o
 .bss           0x000000000000e1d0        0x0 /usr/lib/gcc/x86_64-linux-gnu/9/../../../x86_64-linux-gnu/crti.o
 .bss           0x000000000000e1d0        0x1 /usr/lib/gcc/x86_64-linux-gnu/9/crtbeginS.o
 *fill*         0x000000000000e1d1        0xf 
 .bss           0x000000000000e1e0       0x41 build_gateway_app/main1.o
 .bss           0x000000000000e221        0x0 build_gateway_app/aes.o
 .bss           0x000000000000e221        0x0 build_gateway_app/aes_cbc128.o
 .bss           0x000000000000e221        0x0 build_gateway_app/base64.o
 *fill*         0x000000000000e221        0xf 
 .bss           0x000000000000e230       0x20 build_gateway_app/cJSON.o
 .bss           0x000000000000e250        0x0 /usr/lib/x86_64-linux-gnu/libc_nonshared.a(elf-init.oS)
 .bss           0x000000000000e250        0x0 /usr/lib/gcc/x86_64-linux-gnu/9/crtendS.o
 .bss           0x000000000000e250        0x0 /usr/lib/gcc/x86_64-linux-gnu/9/../../../x86_64-linux-gnu/crtn.o
 *(COMMON)
 *fill*         0x000000000000e250       0x10 
 COMMON         0x000000000000e260       0xc4 build_gateway_app/aes_cbc128.o
                0x000000000000e260                m_ctx
                0x000000000000e320                aes_error_code_t
                0x000000000000e328                . = ALIGN ((. != 0x0)?0x8:0x1)
 *fill*         0x000000000000e324        0x4 

.lbss
 *(.dynlbss)
 *(.lbss .lbss.* .gnu.linkonce.lb.*)
 *(LARGE_COMMON)
                0x000000000000e328                . = ALIGN (0x8)
                0x000000000000e328                . = SEGMENT_START ("ldata-segment", .)

.lrodata
 *(.lrodata .lrodata.* .gnu.linkonce.lr.*)

.ldata          0x0000000000010328        0x0
 *(.ldata .ldata.* .gnu.linkonce.l.*)
                0x0000000000010328                . = ALIGN ((. != 0x0)?0x8:0x1)
                0x0000000000010328                . = ALIGN (0x8)
                0x000000000000e328                _end = .
                [!provide]                        PROVIDE (end = .)
                0x0000000000010328                . = DATA_SEGMENT_END (.)

.stab
 *(.stab)

.stabstr
 *(.stabstr)

.stab.excl
 *(.stab.excl)

.stab.exclstr
 *(.stab.exclstr)

.stab.index
 *(.stab.index)

.stab.indexstr
 *(.stab.indexstr)

.comment        0x0000000000000000       0x2a
 *(.comment)
 .comment       0x0000000000000000       0x2a /usr/lib/gcc/x86_64-linux-gnu/9/crtbeginS.o
                                         0x2b (size before relaxing)
 .comment       0x000000000000002a       0x2b build_gateway_app/main1.o
 .comment       0x000000000000002a       0x2b build_gateway_app/aes.o
 .comment       0x000000000000002a       0x2b build_gateway_app/aes_cbc128.o
 .comment       0x000000000000002a       0x2b build_gateway_app/base64.o
 .comment       0x000000000000002a       0x2b build_gateway_app/cJSON.o
 .comment       0x000000000000002a       0x2b /usr/lib/gcc/x86_64-linux-gnu/9/crtendS.o

.gnu.build.attributes
 *(.gnu.build.attributes .gnu.build.attributes.*)

.debug
 *(.debug)

.line
 *(.line)

.debug_srcinfo
 *(.debug_srcinfo)

.debug_sfnames
 *(.debug_sfnames)

.debug_aranges  0x0000000000000000      0x110
 *(.debug_aranges)
 .debug_aranges
                0x0000000000000000       0x50 build_gateway_app/main1.o
 .debug_aranges
                0x0000000000000050       0x30 build_gateway_app/aes.o
 .debug_aranges
                0x0000000000000080       0x30 build_gateway_app/aes_cbc128.o
 .debug_aranges
                0x00000000000000b0       0x30 build_gateway_app/base64.o
 .debug_aranges
                0x00000000000000e0       0x30 build_gateway_app/cJSON.o

.debug_pubnames
 *(.debug_pubnames)

.debug_info     0x0000000000000000    0x15ae7
 *(.debug_info .gnu.linkonce.wi.*)
 .debug_info    0x0000000000000000     0x9302 build_gateway_app/main1.o
 .debug_info    0x0000000000009302     0x10b2 build_gateway_app/aes.o
 .debug_info    0x000000000000a3b4      0xa72 build_gateway_app/aes_cbc128.o
 .debug_info    0x000000000000ae26      0xaab build_gateway_app/base64.o
 .debug_info    0x000000000000b8d1     0xa216 build_gateway_app/cJSON.o

.debug_abbrev   0x0000000000000000     0x1c56
 *(.debug_abbrev)
 .debug_abbrev  0x0000000000000000      0xd82 build_gateway_app/main1.o
 .debug_abbrev  0x0000000000000d82      0x3e1 build_gateway_app/aes.o
 .debug_abbrev  0x0000000000001163      0x287 build_gateway_app/aes_cbc128.o
 .debug_abbrev  0x00000000000013ea      0x230 build_gateway_app/base64.o
 .debug_abbrev  0x000000000000161a      0x63c build_gateway_app/cJSON.o

.debug_line     0x0000000000000000     0x916b
 *(.debug_line .debug_line.* .debug_line_end)
 .debug_line    0x0000000000000000      0xafd build_gateway_app/main1.o
 .debug_line    0x0000000000000afd     0x1838 build_gateway_app/aes.o
 .debug_line    0x0000000000002335      0x3ee build_gateway_app/aes_cbc128.o
 .debug_line    0x0000000000002723      0x79a build_gateway_app/base64.o
 .debug_line    0x0000000000002ebd     0x62ae build_gateway_app/cJSON.o

.debug_frame
 *(.debug_frame)

.debug_str      0x0000000000000000     0xb61b
 *(.debug_str)
 .debug_str     0x0000000000000000     0xa58b build_gateway_app/main1.o
                                       0xb19b (size before relaxing)
 .debug_str     0x000000000000a58b      0x1e5 build_gateway_app/aes.o
                                        0x314 (size before relaxing)
 .debug_str     0x000000000000a770      0x121 build_gateway_app/aes_cbc128.o
                                        0x4dd (size before relaxing)
 .debug_str     0x000000000000a891       0x99 build_gateway_app/base64.o
                                        0x3b3 (size before relaxing)
 .debug_str     0x000000000000a92a      0xcf1 build_gateway_app/cJSON.o
                                       0x1139 (size before relaxing)

.debug_loc      0x0000000000000000    0x1d15f
 *(.debug_loc)
 .debug_loc     0x0000000000000000      0xfc0 build_gateway_app/main1.o
 .debug_loc     0x0000000000000fc0     0x2f66 build_gateway_app/aes.o
 .debug_loc     0x0000000000003f26     0x1176 build_gateway_app/aes_cbc128.o
 .debug_loc     0x000000000000509c     0x1081 build_gateway_app/base64.o
 .debug_loc     0x000000000000611d    0x17042 build_gateway_app/cJSON.o

.debug_macinfo
 *(.debug_macinfo)

.debug_weaknames
 *(.debug_weaknames)

.debug_funcnames
 *(.debug_funcnames)

.debug_typenames
 *(.debug_typenames)

.debug_varnames
 *(.debug_varnames)

.debug_pubtypes
 *(.debug_pubtypes)

.debug_ranges   0x0000000000000000     0x4ae0
 *(.debug_ranges)
 .debug_ranges  0x0000000000000000      0x460 build_gateway_app/main1.o
 .debug_ranges  0x0000000000000460      0x9b0 build_gateway_app/aes.o
 .debug_ranges  0x0000000000000e10      0x190 build_gateway_app/aes_cbc128.o
 .debug_ranges  0x0000000000000fa0       0xd0 build_gateway_app/base64.o
 .debug_ranges  0x0000000000001070     0x3a70 build_gateway_app/cJSON.o

.debug_macro
 *(.debug_macro)

.debug_addr
 *(.debug_addr)

.gnu.attributes
 *(.gnu.attributes)

/DISCARD/
 *(.note.GNU-stack)
 *(.gnu_debuglink)
 *(.gnu.lto_*)
OUTPUT(build_gateway_app/gateway_app elf64-x86-64)
